<caom2:Observation xmlns:caom2="http://www.opencadc.org/caom2/xml/v2.3" xmlns:xsi="http://www.w3.org/2001/XMLSchema-instance" xsi:type="caom2:SimpleObservation" caom2:id="00000000-0000-0000-9b38-dd51a0795d40" caom2:lastModified="2018-08-30T20:04:31.768" caom2:maxLastModified="2018-08-30T20:04:35.017" caom2:metaChecksum="md5:891cfb44a5be1d2d659bb1a4a96b2aec" caom2:accMetaChecksum="md5:46a4abbcb3dcdc5fde94f0297d53cb3e">
  <caom2:collection>OMM</caom2:collection>
  <caom2:observationID>C080121_0339_SCI</caom2:observationID>
  <caom2:metaRelease>2007-03-04T23:39:15.000</caom2:metaRelease>
  <caom2:algorithm>
    <caom2:name>exposure</caom2:name>
  </caom2:algorithm>
  <caom2:type>object</caom2:type>
  <caom2:intent>science</caom2:intent>
  <caom2:target>
    <caom2:name>MBDS2_155</caom2:name>
    <caom2:type>object</caom2:type>
    <caom2:standard>false</caom2:standard>
    <caom2:moving>false</caom2:moving>
  </caom2:target>
  <caom2:targetPosition>
    <caom2:coordsys>ICRS</caom2:coordsys>
    <caom2:equinox>2000.0</caom2:equinox>
    <caom2:coordinates>
      <caom2:cval1>154.83762311</caom2:cval1>
      <caom2:cval2>15.8339543616</caom2:cval2>
    </caom2:coordinates>
  </caom2:targetPosition>
  <caom2:telescope>
    <caom2:name>CTIO-1.5m</caom2:name>
    <caom2:geoLocationX>1814997.8877637554</caom2:geoLocationX>
    <caom2:geoLocationY>-5213905.062936729</caom2:geoLocationY>
    <caom2:geoLocationZ>-3187666.725737285</caom2:geoLocationZ>
  </caom2:telescope>
  <caom2:instrument>
    <caom2:name>CPAPIR</caom2:name>
    <caom2:keywords>
      <caom2:keyword>DETECTOR=CPAPIR-HAWAII-2</caom2:keyword>
    </caom2:keywords>
  </caom2:instrument>
  <caom2:planes>
    <caom2:plane caom2:id="00000000-0000-0000-9b4c-3ab34f484a0b" caom2:lastModified="2018-08-30T20:04:35.017" caom2:maxLastModified="2018-08-30T20:04:35.017" caom2:metaChecksum="md5:bd792ea200d3c960fcd70ce929da9016" caom2:accMetaChecksum="md5:04f1eb65058e8024f4eae62e5a321993">
      <caom2:productID>C080121_0339_SCI</caom2:productID>
      <caom2:metaRelease>2007-03-05T02:39:15.000</caom2:metaRelease>
      <caom2:dataRelease>2008-09-02T00:00:00.000</caom2:dataRelease>
      <caom2:dataProductType>image</caom2:dataProductType>
      <caom2:calibrationLevel>1</caom2:calibrationLevel>
      <caom2:provenance>
        <caom2:name>CPAPIR</caom2:name>
        <caom2:version>1.0</caom2:version>
        <caom2:project>Standard Pipeline</caom2:project>
        <caom2:producer>LAE</caom2:producer>
        <caom2:runID>070304</caom2:runID>
        <caom2:reference>http://genesis.astro.umontreal.ca</caom2:reference>
      </caom2:provenance>
      <caom2:position>
        <caom2:bounds xsi:type="caom2:Polygon">
          <caom2:points>
            <caom2:point>
              <caom2:cval1>154.546128</caom2:cval1>
              <caom2:cval2>15.55619</caom2:cval2>
            </caom2:point>
            <caom2:point>
              <caom2:cval1>154.548561</caom2:cval1>
              <caom2:cval2>16.114705999999998</caom2:cval2>
            </caom2:point>
            <caom2:point>
              <caom2:cval1>155.129357</caom2:cval1>
              <caom2:cval2>16.111878000000004</caom2:cval2>
            </caom2:point>
            <caom2:point>
              <caom2:cval1>155.12532</caom2:cval1>
              <caom2:cval2>15.553370999999999</caom2:cval2>
            </caom2:point>
          </caom2:points>
          <caom2:samples>
            <caom2:vertices>
              <caom2:vertex>
                <caom2:cval1>155.12532</caom2:cval1>
                <caom2:cval2>15.553371</caom2:cval2>
                <caom2:type>2</caom2:type>
              </caom2:vertex>
              <caom2:vertex>
                <caom2:cval1>154.546128</caom2:cval1>
                <caom2:cval2>15.55619</caom2:cval2>
                <caom2:type>1</caom2:type>
              </caom2:vertex>
              <caom2:vertex>
                <caom2:cval1>154.548561</caom2:cval1>
                <caom2:cval2>16.114706</caom2:cval2>
                <caom2:type>1</caom2:type>
              </caom2:vertex>
              <caom2:vertex>
                <caom2:cval1>155.129357</caom2:cval1>
                <caom2:cval2>16.111878</caom2:cval2>
                <caom2:type>1</caom2:type>
              </caom2:vertex>
              <caom2:vertex>
                <caom2:cval1>0.0</caom2:cval1>
                <caom2:cval2>0.0</caom2:cval2>
                <caom2:type>0</caom2:type>
              </caom2:vertex>
            </caom2:vertices>
          </caom2:samples>
        </caom2:bounds>
        <caom2:dimension>
          <caom2:naxis1>2048</caom2:naxis1>
          <caom2:naxis2>2048</caom2:naxis2>
        </caom2:dimension>
        <caom2:sampleSize>0.9818033155992769</caom2:sampleSize>
      </caom2:position>
      <caom2:energy>
        <caom2:bounds>
          <caom2:lower>1.1699999999999998e-06</caom2:lower>
          <caom2:upper>1.33e-06</caom2:upper>
          <caom2:samples>
            <caom2:sample>
              <caom2:lower>1.1699999999999998e-06</caom2:lower>
              <caom2:upper>1.33e-06</caom2:upper>
            </caom2:sample>
          </caom2:samples>
        </caom2:bounds>
        <caom2:dimension>1</caom2:dimension>
        <caom2:sampleSize>1.6000000000000016e-07</caom2:sampleSize>
        <caom2:bandpassName>J</caom2:bandpassName>
        <caom2:emBand>Infrared</caom2:emBand>
      </caom2:energy>
      <caom2:time>
        <caom2:bounds>
          <caom2:lower>54164.11059027778</caom2:lower>
          <caom2:upper>54164.11068423611</caom2:upper>
          <caom2:samples>
            <caom2:sample>
              <caom2:lower>54164.11059027778</caom2:lower>
              <caom2:upper>54164.11068423611</caom2:upper>
            </caom2:sample>
          </caom2:samples>
        </caom2:bounds>
        <caom2:dimension>1</caom2:dimension>
        <caom2:resolution>0.1</caom2:resolution>
        <caom2:sampleSize>9.395833330927417e-05</caom2:sampleSize>
        <caom2:exposure>8.118</caom2:exposure>
      </caom2:time>
      <caom2:polarization/>
      <caom2:artifacts>
        <caom2:artifact caom2:id="00000000-0000-0000-ac7f-5f82c1c87172" caom2:lastModified="2018-08-30T20:04:31.768" caom2:maxLastModified="2018-08-30T20:04:35.017" caom2:metaChecksum="md5:f311deaa57c3084ba419255e815c9eb8" caom2:accMetaChecksum="md5:afe5a82dbeac118a73a9eccf15e8cf34">
          <caom2:uri>ad:OMM/C080121_0339_SCI.fits.gz</caom2:uri>
          <caom2:productType>science</caom2:productType>
          <caom2:releaseType>data</caom2:releaseType>
          <caom2:contentType>application/fits</caom2:contentType>
          <caom2:contentLength>103583</caom2:contentLength>
          <caom2:contentChecksum>md5:eb7ca5cddbb3a8b832bd7a0f5c04781e</caom2:contentChecksum>
          <caom2:parts>
            <caom2:part caom2:id="00000000-0000-0000-9875-b72dd9eb1b0e" caom2:lastModified="2018-08-30T20:04:31.768" caom2:maxLastModified="2018-08-30T20:04:35.017" caom2:metaChecksum="md5:547527f51492eba82a30a649f1ceb33a" caom2:accMetaChecksum="md5:124c230daf6ec41a5a4e2dfd13ccee56">
              <caom2:name>0</caom2:name>
              <caom2:productType>science</caom2:productType>
              <caom2:chunks>
                <caom2:chunk caom2:id="00000000-0000-0000-b470-911652d7beae" caom2:lastModified="2018-08-30T20:04:35.017" caom2:maxLastModified="2018-08-30T20:04:35.017" caom2:metaChecksum="md5:be8af06d18de63d51ebd9b3f5566fd48" caom2:accMetaChecksum="md5:1d552b73cc359d945409cfe6f951205e">
                  <caom2:productType>science</caom2:productType>
                  <caom2:naxis>4</caom2:naxis>
                  <caom2:positionAxis1>1</caom2:positionAxis1>
                  <caom2:positionAxis2>2</caom2:positionAxis2>
                  <caom2:energyAxis>3</caom2:energyAxis>
                  <caom2:timeAxis>4</caom2:timeAxis>
                  <caom2:position>
                    <caom2:axis>
                      <caom2:axis1>
                        <caom2:ctype>RA---TAN</caom2:ctype>
                        <caom2:cunit>deg</caom2:cunit>
                      </caom2:axis1>
                      <caom2:axis2>
                        <caom2:ctype>DEC--TAN</caom2:ctype>
                        <caom2:cunit>deg</caom2:cunit>
                      </caom2:axis2>
                      <caom2:error1>
                        <caom2:syser>0.0</caom2:syser>
                        <caom2:rnder>0.302060011208</caom2:rnder>
                      </caom2:error1>
                      <caom2:error2>
                        <caom2:syser>0.0</caom2:syser>
                        <caom2:rnder>0.302060011208</caom2:rnder>
                      </caom2:error2>
                      <caom2:bounds>
                        <caom2:polygon>
                          <caom2:vertices>
                            <caom2:vertex>
                              <caom2:coord1>155.12532</caom2:coord1>
                              <caom2:coord2>15.553371</caom2:coord2>
                            </caom2:vertex>
                            <caom2:vertex>
                              <caom2:coord1>154.546128</caom2:coord1>
                              <caom2:coord2>15.55619</caom2:coord2>
                            </caom2:vertex>
                            <caom2:vertex>
                              <caom2:coord1>154.548561</caom2:coord1>
                              <caom2:coord2>16.114706</caom2:coord2>
                            </caom2:vertex>
                            <caom2:vertex>
                              <caom2:coord1>155.129357</caom2:coord1>
                              <caom2:coord2>16.111878</caom2:coord2>
                            </caom2:vertex>
                          </caom2:vertices>
                        </caom2:polygon>
                      </caom2:bounds>
                      <caom2:function>
                        <caom2:dimension>
                          <caom2:naxis1>2048</caom2:naxis1>
                          <caom2:naxis2>2048</caom2:naxis2>
                        </caom2:dimension>
                        <caom2:refCoord>
                          <caom2:coord1>
                            <caom2:pix>1024.0</caom2:pix>
                            <caom2:val>154.837482218</caom2:val>
                          </caom2:coord1>
                          <caom2:coord2>
                            <caom2:pix>1024.0</caom2:pix>
                            <caom2:val>15.8340914626</caom2:val>
                          </caom2:coord2>
                        </caom2:refCoord>
                        <caom2:cd11>-0.000272589008542</caom2:cd11>
                        <caom2:cd12>1.52068448652e-06</caom2:cd12>
                        <caom2:cd21>1.37953242106e-06</caom2:cd21>
                        <caom2:cd22>0.000272849549504</caom2:cd22>
                      </caom2:function>
                    </caom2:axis>
                    <caom2:coordsys>ICRS</caom2:coordsys>
                    <caom2:equinox>2000.0</caom2:equinox>
                  </caom2:position>
                  <caom2:energy>
                    <caom2:axis>
                      <caom2:axis>
                        <caom2:ctype>WAVE</caom2:ctype>
                        <caom2:cunit>um</caom2:cunit>
                      </caom2:axis>
                      <caom2:range>
                        <caom2:start>
                          <caom2:pix>0.5</caom2:pix>
                          <caom2:val>1.17</caom2:val>
                        </caom2:start>
                        <caom2:end>
                          <caom2:pix>1.5</caom2:pix>
                          <caom2:val>1.33</caom2:val>
                        </caom2:end>
                      </caom2:range>
                    </caom2:axis>
                    <caom2:specsys>TOPCENT</caom2:specsys>
                    <caom2:ssysobs>TOPCENT</caom2:ssysobs>
                    <caom2:ssyssrc>TOPCENT</caom2:ssyssrc>
                    <caom2:bandpassName>J</caom2:bandpassName>
                  </caom2:energy>
                  <caom2:time>
                    <caom2:axis>
                      <caom2:axis>
                        <caom2:ctype>TIME</caom2:ctype>
                        <caom2:cunit>d</caom2:cunit>
                      </caom2:axis>
                      <caom2:range>
                        <caom2:start>
                          <caom2:pix>0.5</caom2:pix>
                          <caom2:val>54164.11059027778</caom2:val>
                        </caom2:start>
                        <caom2:end>
                          <caom2:pix>1.5</caom2:pix>
                          <caom2:val>54164.11068423611</caom2:val>
                        </caom2:end>
                      </caom2:range>
                      <caom2:function>
                        <caom2:naxis>1</caom2:naxis>
                        <caom2:delta>8.118</caom2:delta>
                        <caom2:refCoord>
                          <caom2:pix>0.5</caom2:pix>
                          <caom2:val>54164.11059027778</caom2:val>
                        </caom2:refCoord>
                      </caom2:function>
                    </caom2:axis>
                    <caom2:timesys>UTC</caom2:timesys>
                    <caom2:trefpos>TOPOCENTER</caom2:trefpos>
                    <caom2:exposure>8.118</caom2:exposure>
                    <caom2:resolution>0.1</caom2:resolution>
                  </caom2:time>
                </caom2:chunk>
              </caom2:chunks>
            </caom2:part>
          </caom2:parts>
        </caom2:artifact>
        <caom2:artifact caom2:id="00000000-0000-0000-ba35-89765ccb1188" caom2:lastModified="2018-08-30T20:04:35.017" caom2:maxLastModified="2018-08-30T20:04:35.017" caom2:metaChecksum="md5:229dd090596511d28d8ed05260c9881c" caom2:accMetaChecksum="md5:e8d7b52b12611866cbb1111aa539a5ec">
          <caom2:uri>ad:OMM/C080121_0339_SCI_prev.jpg</caom2:uri>
          <caom2:productType>preview</caom2:productType>
          <caom2:releaseType>data</caom2:releaseType>
          <caom2:contentType>image/jpeg</caom2:contentType>
          <caom2:contentLength>56955</caom2:contentLength>
          <caom2:contentChecksum>md5:5ea0c124b0dbf564553bdfd0bb21ba13</caom2:contentChecksum>
          <caom2:parts/>
        </caom2:artifact>
        <caom2:artifact caom2:id="00000000-0000-0000-818b-0a0d1f2fc97a" caom2:lastModified="2018-08-30T20:04:35.017" caom2:maxLastModified="2018-08-30T20:04:35.017" caom2:metaChecksum="md5:9c8428334f0e51dff491d828770e8128" caom2:accMetaChecksum="md5:ada1243bdd5bd4d56194a73cb12d46d5">
          <caom2:uri>ad:OMM/C080121_0339_SCI_prev_256.jpg</caom2:uri>
          <caom2:productType>thumbnail</caom2:productType>
          <caom2:releaseType>data</caom2:releaseType>
          <caom2:contentType>image/jpeg</caom2:contentType>
          <caom2:contentLength>2236</caom2:contentLength>
          <caom2:contentChecksum>md5:6568c6af6b8a35dbee7c31f648c804e9</caom2:contentChecksum>
          <caom2:parts/>
        </caom2:artifact>
      </caom2:artifacts>
    </caom2:plane>
  </caom2:planes>
</caom2:Observation>
