<caom2:Observation xmlns:caom2="http://www.opencadc.org/caom2/xml/v2.3" xmlns:xsi="http://www.w3.org/2001/XMLSchema-instance" xsi:type="caom2:CompositeObservation" caom2:id="00000000-0000-0000-9689-626991d85367" caom2:lastModified="2018-07-28T01:00:40.590" caom2:maxLastModified="2018-07-28T01:00:58.610" caom2:metaChecksum="md5:dd442083f9d628fa40df7f5c83cd62ab" caom2:accMetaChecksum="md5:aa481f3929a63f3be052939ccb7b9dbc">
  <caom2:collection>OMM</caom2:collection>
  <caom2:observationID>C100521_domeflat_K_CALRED</caom2:observationID>
  <caom2:metaRelease>2010-05-22T00:00:00.000</caom2:metaRelease>
  <caom2:algorithm>
    <caom2:name>composite</caom2:name>
  </caom2:algorithm>
  <caom2:type>flat</caom2:type>
  <caom2:intent>calibration</caom2:intent>
  <caom2:instrument>
    <caom2:name>CPAPIR</caom2:name>
  </caom2:instrument>
  <caom2:planes>
    <caom2:plane caom2:id="00000000-0000-0000-bae0-994287f0a548" caom2:lastModified="2018-07-28T01:00:40.590" caom2:maxLastModified="2018-07-28T01:00:58.610" caom2:metaChecksum="md5:e123eac3eb4b7f7f01c12ee83cd94352" caom2:accMetaChecksum="md5:22e1b84924a9272915c2242857359de8">
      <caom2:productID>C100521_domeflat_K_CALRED</caom2:productID>
      <caom2:metaRelease>2010-05-22T00:00:00.000</caom2:metaRelease>
      <caom2:dataRelease>2010-05-22T00:00:00.000</caom2:dataRelease>
      <caom2:dataProductType>image</caom2:dataProductType>
      <caom2:calibrationLevel>1</caom2:calibrationLevel>
      <caom2:position/>
      <caom2:energy/>
      <caom2:time/>
      <caom2:polarization/>
      <caom2:artifacts>
        <caom2:artifact caom2:id="00000000-0000-0000-99a0-c191c3988178" caom2:lastModified="2018-07-28T01:00:40.590" caom2:maxLastModified="2018-07-28T01:00:40.590" caom2:metaChecksum="md5:70b0de6085ff179e9fa394cfc1f9b329" caom2:accMetaChecksum="md5:1923981ae4fc10ca2d1a78e590db7309">
          <caom2:uri>ad:OMM/C100521_domeflat_K_CALRED.fits.gz</caom2:uri>
          <caom2:productType>calibration</caom2:productType>
          <caom2:releaseType>data</caom2:releaseType>
          <caom2:contentType>application/fits</caom2:contentType>
          <caom2:contentLength>12768884</caom2:contentLength>
          <caom2:contentChecksum>md5:3bd194e7411cf80b15f36ad10be96fc7</caom2:contentChecksum>
          <caom2:parts>
            <caom2:part caom2:id="00000000-0000-0000-8b62-deb7c3272829" caom2:lastModified="2018-07-28T01:00:40.590" caom2:maxLastModified="2018-07-28T01:00:40.590" caom2:metaChecksum="md5:4c2591754f98b1bc590875faee623e6d" caom2:accMetaChecksum="md5:ecb9a8ab02ed77096bc63fb7955c0280">
              <caom2:name>0</caom2:name>
              <caom2:productType>calibration</caom2:productType>
              <caom2:chunks>
                <caom2:chunk caom2:id="00000000-0000-0000-ac24-3aae269d29e2" caom2:lastModified="2018-07-28T01:00:40.590" caom2:maxLastModified="2018-07-28T01:00:40.590" caom2:metaChecksum="md5:a45cad396179d16271d79e9431c4e170" caom2:accMetaChecksum="md5:0767a7ce8fc6860666f527cd42c5a82a">
                  <caom2:productType>calibration</caom2:productType>
                  <caom2:naxis>4</caom2:naxis>
                </caom2:chunk>
              </caom2:chunks>
            </caom2:part>
          </caom2:parts>
        </caom2:artifact>
        <caom2:artifact caom2:id="00000000-0000-0000-8554-f62409401294" caom2:lastModified="2018-07-28T01:00:58.610" caom2:maxLastModified="2018-07-28T01:00:58.610" caom2:metaChecksum="md5:c10c95f8b87fe336c0e3b73e69b3b898" caom2:accMetaChecksum="md5:4a74d93d072a7850943643bf8153cc81">
          <caom2:uri>ad:OMM/C100521_domeflat_K_CALRED_prev.jpg</caom2:uri>
          <caom2:productType>preview</caom2:productType>
          <caom2:releaseType>data</caom2:releaseType>
          <caom2:contentType>image/jpeg</caom2:contentType>
          <caom2:contentLength>612394</caom2:contentLength>
          <caom2:contentChecksum>md5:2b728b80c9c6fcb88896ded29972aa8c</caom2:contentChecksum>
          <caom2:parts/>
        </caom2:artifact>
        <caom2:artifact caom2:id="00000000-0000-0000-ad5b-113ed0f608d6" caom2:lastModified="2018-07-28T01:00:58.610" caom2:maxLastModified="2018-07-28T01:00:58.610" caom2:metaChecksum="md5:df59e9002dc92b4c988904908fc6893d" caom2:accMetaChecksum="md5:82f073180d2afa74930e6933ac16c61e">
          <caom2:uri>ad:OMM/C100521_domeflat_K_CALRED_prev_256.jpg</caom2:uri>
          <caom2:productType>thumbnail</caom2:productType>
          <caom2:releaseType>data</caom2:releaseType>
          <caom2:contentType>image/jpeg</caom2:contentType>
          <caom2:contentLength>3473</caom2:contentLength>
          <caom2:contentChecksum>md5:1ec01f86ca638c74d3a5eefbfffa0b1e</caom2:contentChecksum>
          <caom2:parts/>
        </caom2:artifact>
      </caom2:artifacts>
    </caom2:plane>
  </caom2:planes>
</caom2:Observation>
