<caom2:Observation xmlns:caom2="http://www.opencadc.org/caom2/xml/v2.3" xmlns:xsi="http://www.w3.org/2001/XMLSchema-instance" xsi:type="caom2:CompositeObservation" caom2:id="00000000-0000-0000-810b-f1e829da28e0" caom2:lastModified="2018-08-31T00:45:33.925" caom2:maxLastModified="2018-08-31T00:45:39.994" caom2:metaChecksum="md5:ac90bf9d4807d07aa09a4f0961394235" caom2:accMetaChecksum="md5:4e23d2c2727e502398904d99d01f7033">
  <caom2:collection>OMM</caom2:collection>
  <caom2:observationID>C170323_domeflat_K_CALRED</caom2:observationID>
  <caom2:metaRelease>2017-03-23T14:20:11.000</caom2:metaRelease>
  <caom2:algorithm>
    <caom2:name>composite</caom2:name>
  </caom2:algorithm>
  <caom2:type>flat</caom2:type>
  <caom2:intent>calibration</caom2:intent>
  <caom2:target>
    <caom2:name>domeflat</caom2:name>
    <caom2:type>object</caom2:type>
    <caom2:standard>false</caom2:standard>
    <caom2:moving>false</caom2:moving>
  </caom2:target>
  <caom2:targetPosition>
    <caom2:coordsys>ICRS</caom2:coordsys>
    <caom2:equinox>2000.0</caom2:equinox>
    <caom2:coordinates>
      <caom2:cval1>7.094558</caom2:cval1>
      <caom2:cval2>34.337723</caom2:cval2>
    </caom2:coordinates>
  </caom2:targetPosition>
  <caom2:telescope>
    <caom2:name>OMM-1.6m</caom2:name>
    <caom2:geoLocationX>1448028.9616748542</caom2:geoLocationX>
    <caom2:geoLocationY>-4242093.481212275</caom2:geoLocationY>
    <caom2:geoLocationZ>4523795.303587095</caom2:geoLocationZ>
  </caom2:telescope>
  <caom2:instrument>
    <caom2:name>CPAPIR</caom2:name>
    <caom2:keywords>
      <caom2:keyword>DETECTOR=CPAPIR-HAWAII-2</caom2:keyword>
    </caom2:keywords>
  </caom2:instrument>
  <caom2:environment>
    <caom2:ambientTemp>-6.33333</caom2:ambientTemp>
  </caom2:environment>
  <caom2:planes>
    <caom2:plane caom2:id="00000000-0000-0000-83b3-3482714b8234" caom2:lastModified="2018-08-31T00:45:39.994" caom2:maxLastModified="2018-08-31T00:45:39.994" caom2:metaChecksum="md5:4b936f0878a0ad0d697c3e196da69170" caom2:accMetaChecksum="md5:b88cf567f2ea85c151eea19abe468015">
      <caom2:productID>C170323_domeflat_K_CALRED</caom2:productID>
      <caom2:metaRelease>2017-03-23T19:20:11.000</caom2:metaRelease>
      <caom2:dataRelease>2018-09-22T00:00:00.000</caom2:dataRelease>
      <caom2:dataProductType>image</caom2:dataProductType>
      <caom2:calibrationLevel>1</caom2:calibrationLevel>
      <caom2:provenance>
        <caom2:name>CPAPIR</caom2:name>
        <caom2:version>1.0</caom2:version>
        <caom2:project>Standard Pipeline</caom2:project>
        <caom2:producer>LAE</caom2:producer>
        <caom2:runID>170323</caom2:runID>
        <caom2:reference>http://genesis.astro.umontreal.ca</caom2:reference>
      </caom2:provenance>
      <caom2:position>
        <caom2:bounds xsi:type="caom2:Polygon">
          <caom2:points>
            <caom2:point>
              <caom2:cval1>359.7467229999999</caom2:cval1>
              <caom2:cval2>0.25327500000000214</caom2:cval2>
            </caom2:point>
            <caom2:point>
              <caom2:cval1>0.25278300000002185</caom2:cval1>
              <caom2:cval2>0.25327500000000214</caom2:cval2>
            </caom2:point>
            <caom2:point>
              <caom2:cval1>0.2527830000000219</caom2:cval1>
              <caom2:cval2>-0.25278000000000134</caom2:cval2>
            </caom2:point>
            <caom2:point>
              <caom2:cval1>359.7467229999999</caom2:cval1>
              <caom2:cval2>-0.25278000000000134</caom2:cval2>
            </caom2:point>
          </caom2:points>
          <caom2:samples>
            <caom2:vertices>
              <caom2:vertex>
                <caom2:cval1>0.252783</caom2:cval1>
                <caom2:cval2>-0.25278</caom2:cval2>
                <caom2:type>2</caom2:type>
              </caom2:vertex>
              <caom2:vertex>
                <caom2:cval1>359.746723</caom2:cval1>
                <caom2:cval2>-0.25278</caom2:cval2>
                <caom2:type>1</caom2:type>
              </caom2:vertex>
              <caom2:vertex>
                <caom2:cval1>359.746723</caom2:cval1>
                <caom2:cval2>0.253275</caom2:cval2>
                <caom2:type>1</caom2:type>
              </caom2:vertex>
              <caom2:vertex>
                <caom2:cval1>0.252783</caom2:cval1>
                <caom2:cval2>0.253275</caom2:cval2>
                <caom2:type>1</caom2:type>
              </caom2:vertex>
              <caom2:vertex>
                <caom2:cval1>0.0</caom2:cval1>
                <caom2:cval2>0.0</caom2:cval2>
                <caom2:type>0</caom2:type>
              </caom2:vertex>
            </caom2:vertices>
          </caom2:samples>
        </caom2:bounds>
        <caom2:dimension>
          <caom2:naxis1>2048</caom2:naxis1>
          <caom2:naxis2>2048</caom2:naxis2>
        </caom2:dimension>
        <caom2:sampleSize>0.8899992</caom2:sampleSize>
      </caom2:position>
      <caom2:energy>
        <caom2:bounds>
          <caom2:lower>2e-06</caom2:lower>
          <caom2:upper>2.2999999999999996e-06</caom2:upper>
          <caom2:samples>
            <caom2:sample>
              <caom2:lower>2e-06</caom2:lower>
              <caom2:upper>2.2999999999999996e-06</caom2:upper>
            </caom2:sample>
          </caom2:samples>
        </caom2:bounds>
        <caom2:dimension>1</caom2:dimension>
        <caom2:sampleSize>2.9999999999999967e-07</caom2:sampleSize>
        <caom2:bandpassName>K</caom2:bandpassName>
        <caom2:emBand>Infrared</caom2:emBand>
      </caom2:energy>
      <caom2:time>
        <caom2:bounds>
          <caom2:lower>57835.80568287037</caom2:lower>
          <caom2:upper>57835.80574074074</caom2:upper>
          <caom2:samples>
            <caom2:sample>
              <caom2:lower>57835.80568287037</caom2:lower>
              <caom2:upper>57835.80574074074</caom2:upper>
            </caom2:sample>
          </caom2:samples>
        </caom2:bounds>
        <caom2:dimension>1</caom2:dimension>
        <caom2:resolution>0.1</caom2:resolution>
        <caom2:sampleSize>5.7870369346346706e-05</caom2:sampleSize>
        <caom2:exposure>5.412</caom2:exposure>
      </caom2:time>
      <caom2:polarization/>
      <caom2:artifacts>
        <caom2:artifact caom2:id="00000000-0000-0000-acb2-6d7892fb6c2f" caom2:lastModified="2018-08-31T00:45:33.925" caom2:maxLastModified="2018-08-31T00:45:39.994" caom2:metaChecksum="md5:11476109dbdf5bc3abfb83c0b32561ae" caom2:accMetaChecksum="md5:1fc2aa3e0aec77f8a5c9d186cb421062">
          <caom2:uri>ad:OMM/C170323_domeflat_K_CALRED.fits.gz</caom2:uri>
          <caom2:productType>calibration</caom2:productType>
          <caom2:releaseType>data</caom2:releaseType>
          <caom2:contentType>application/fits</caom2:contentType>
          <caom2:contentLength>10230103</caom2:contentLength>
          <caom2:contentChecksum>md5:c6a228aeea9a8e3dfd554de1ffdc6245</caom2:contentChecksum>
          <caom2:parts>
            <caom2:part caom2:id="00000000-0000-0000-928c-8fdab9ab7314" caom2:lastModified="2018-08-31T00:45:33.925" caom2:maxLastModified="2018-08-31T00:45:39.994" caom2:metaChecksum="md5:9c926726b5f3130f37ca2ab5084e316c" caom2:accMetaChecksum="md5:b534ebe65bc9d03ad37c84dac65018f2">
              <caom2:name>0</caom2:name>
              <caom2:productType>calibration</caom2:productType>
              <caom2:chunks>
                <caom2:chunk caom2:id="00000000-0000-0000-8e8e-48e15fd9138a" caom2:lastModified="2018-08-31T00:45:39.994" caom2:maxLastModified="2018-08-31T00:45:39.994" caom2:metaChecksum="md5:f08b7f28845268dbeb23716bdb77f52f" caom2:accMetaChecksum="md5:e74a09e4b0827c681e4c5de602e7d6b6">
                  <caom2:productType>calibration</caom2:productType>
                  <caom2:naxis>4</caom2:naxis>
                  <caom2:positionAxis1>1</caom2:positionAxis1>
                  <caom2:positionAxis2>2</caom2:positionAxis2>
                  <caom2:energyAxis>3</caom2:energyAxis>
                  <caom2:timeAxis>4</caom2:timeAxis>
                  <caom2:position>
                    <caom2:axis>
                      <caom2:axis1>
                        <caom2:ctype>RA---TAN</caom2:ctype>
                        <caom2:cunit>deg</caom2:cunit>
                      </caom2:axis1>
                      <caom2:axis2>
                        <caom2:ctype>DEC--TAN</caom2:ctype>
                        <caom2:cunit>deg</caom2:cunit>
                      </caom2:axis2>
                      <caom2:bounds>
                        <caom2:polygon>
                          <caom2:vertices>
                            <caom2:vertex>
                              <caom2:coord1>0.252783</caom2:coord1>
                              <caom2:coord2>-0.25278</caom2:coord2>
                            </caom2:vertex>
                            <caom2:vertex>
                              <caom2:coord1>359.746723</caom2:coord1>
                              <caom2:coord2>-0.25278</caom2:coord2>
                            </caom2:vertex>
                            <caom2:vertex>
                              <caom2:coord1>359.746723</caom2:coord1>
                              <caom2:coord2>0.253275</caom2:coord2>
                            </caom2:vertex>
                            <caom2:vertex>
                              <caom2:coord1>0.252783</caom2:coord1>
                              <caom2:coord2>0.253275</caom2:coord2>
                            </caom2:vertex>
                          </caom2:vertices>
                        </caom2:polygon>
                      </caom2:bounds>
                      <caom2:function>
                        <caom2:dimension>
                          <caom2:naxis1>2048</caom2:naxis1>
                          <caom2:naxis2>2048</caom2:naxis2>
                        </caom2:dimension>
                        <caom2:refCoord>
                          <caom2:coord1>
                            <caom2:pix>1023.5</caom2:pix>
                            <caom2:val>0.0</caom2:val>
                          </caom2:coord1>
                          <caom2:coord2>
                            <caom2:pix>1023.5</caom2:pix>
                            <caom2:val>0.0</caom2:val>
                          </caom2:coord2>
                        </caom2:refCoord>
                        <caom2:cd11>-0.000247222</caom2:cd11>
                        <caom2:cd12>0.0</caom2:cd12>
                        <caom2:cd21>0.0</caom2:cd21>
                        <caom2:cd22>0.000247222</caom2:cd22>
                      </caom2:function>
                    </caom2:axis>
                    <caom2:coordsys>ICRS</caom2:coordsys>
                    <caom2:equinox>2000.0</caom2:equinox>
                  </caom2:position>
                  <caom2:energy>
                    <caom2:axis>
                      <caom2:axis>
                        <caom2:ctype>WAVE</caom2:ctype>
                        <caom2:cunit>um</caom2:cunit>
                      </caom2:axis>
                      <caom2:range>
                        <caom2:start>
                          <caom2:pix>0.5</caom2:pix>
                          <caom2:val>2.0</caom2:val>
                        </caom2:start>
                        <caom2:end>
                          <caom2:pix>1.5</caom2:pix>
                          <caom2:val>2.3</caom2:val>
                        </caom2:end>
                      </caom2:range>
                    </caom2:axis>
                    <caom2:specsys>TOPCENT</caom2:specsys>
                    <caom2:ssysobs>TOPCENT</caom2:ssysobs>
                    <caom2:ssyssrc>TOPCENT</caom2:ssyssrc>
                    <caom2:bandpassName>K</caom2:bandpassName>
                  </caom2:energy>
                  <caom2:time>
                    <caom2:axis>
                      <caom2:axis>
                        <caom2:ctype>TIME</caom2:ctype>
                        <caom2:cunit>d</caom2:cunit>
                      </caom2:axis>
                      <caom2:range>
                        <caom2:start>
                          <caom2:pix>0.5</caom2:pix>
                          <caom2:val>57835.80568287037</caom2:val>
                        </caom2:start>
                        <caom2:end>
                          <caom2:pix>1.5</caom2:pix>
                          <caom2:val>57835.80574074074</caom2:val>
                        </caom2:end>
                      </caom2:range>
                      <caom2:function>
                        <caom2:naxis>1</caom2:naxis>
                        <caom2:delta>5.412</caom2:delta>
                        <caom2:refCoord>
                          <caom2:pix>0.5</caom2:pix>
                          <caom2:val>57835.80568287037</caom2:val>
                        </caom2:refCoord>
                      </caom2:function>
                    </caom2:axis>
                    <caom2:timesys>UTC</caom2:timesys>
                    <caom2:trefpos>TOPOCENTER</caom2:trefpos>
                    <caom2:exposure>5.412</caom2:exposure>
                    <caom2:resolution>0.1</caom2:resolution>
                  </caom2:time>
                </caom2:chunk>
              </caom2:chunks>
            </caom2:part>
          </caom2:parts>
        </caom2:artifact>
        <caom2:artifact caom2:id="00000000-0000-0000-940f-3c78152dbb79" caom2:lastModified="2018-08-31T00:45:39.994" caom2:maxLastModified="2018-08-31T00:45:39.994" caom2:metaChecksum="md5:a3a9928899a4d1f523d8d45156d0acfc" caom2:accMetaChecksum="md5:3c9fd2b20ac58be3d14a21475af869e3">
          <caom2:uri>ad:OMM/C170323_domeflat_K_CALRED_prev.jpg</caom2:uri>
          <caom2:productType>preview</caom2:productType>
          <caom2:releaseType>data</caom2:releaseType>
          <caom2:contentType>image/jpeg</caom2:contentType>
          <caom2:contentLength>597026</caom2:contentLength>
          <caom2:contentChecksum>md5:6251b958d5ffe820e891f54151056cdb</caom2:contentChecksum>
          <caom2:parts/>
        </caom2:artifact>
        <caom2:artifact caom2:id="00000000-0000-0000-8cf4-0920fb00a385" caom2:lastModified="2018-08-31T00:45:39.994" caom2:maxLastModified="2018-08-31T00:45:39.994" caom2:metaChecksum="md5:db9b78d866254071ad36f8f2764d3a99" caom2:accMetaChecksum="md5:5a336c6882cc951a82b66d8f7619d5b5">
          <caom2:uri>ad:OMM/C170323_domeflat_K_CALRED_prev_256.jpg</caom2:uri>
          <caom2:productType>thumbnail</caom2:productType>
          <caom2:releaseType>data</caom2:releaseType>
          <caom2:contentType>image/jpeg</caom2:contentType>
          <caom2:contentLength>3263</caom2:contentLength>
          <caom2:contentChecksum>md5:e309352c2b8c9cf3b6ef12bdd35217ca</caom2:contentChecksum>
          <caom2:parts/>
        </caom2:artifact>
      </caom2:artifacts>
    </caom2:plane>
  </caom2:planes>
</caom2:Observation>
