<?xml version='1.0' encoding='UTF-8'?>
<caom2:Observation xmlns:caom2="http://www.opencadc.org/caom2/xml/v2.3" xmlns:xsi="http://www.w3.org/2001/XMLSchema-instance" xsi:type="caom2:SimpleObservation" caom2:id="00000000-0000-0000-9878-0305fa4e0070">
  <caom2:collection>VLASS</caom2:collection>
  <caom2:observationID>VLASS1.1.T01t01.J000228-363000</caom2:observationID>
  <caom2:metaRelease>2018-04-13T23:05:31.000</caom2:metaRelease>
  <caom2:algorithm>
    <caom2:name>exposure</caom2:name>
  </caom2:algorithm>
  <caom2:type>OBJECT</caom2:type>
  <caom2:intent>science</caom2:intent>
  <caom2:proposal>
    <caom2:id>VLASS1.1</caom2:id>
    <caom2:project>VLASS</caom2:project>
    <caom2:title>VLA Sky Survey</caom2:title>
  </caom2:proposal>
  <caom2:target>
    <caom2:name>T01t01</caom2:name>
    <caom2:type>field</caom2:type>
  </caom2:target>
  <caom2:telescope>
    <caom2:name>EVLA</caom2:name>
    <caom2:geoLocationX>-1601156.673287</caom2:geoLocationX>
    <caom2:geoLocationY>-5041988.986066</caom2:geoLocationY>
    <caom2:geoLocationZ>3554879.236821</caom2:geoLocationZ>
  </caom2:telescope>
  <caom2:instrument>
    <caom2:name>S-WIDAR</caom2:name>
  </caom2:instrument>
  <caom2:planes>
    <caom2:plane caom2:id="00000000-0000-0000-82ab-9ab91176b0f9">
      <caom2:productID>VLASS1.1.T01t01.J000228-363000.quicklook.v1</caom2:productID>
      <caom2:metaRelease>2018-02-07T22:38:34.000</caom2:metaRelease>
      <caom2:dataRelease>2018-02-07T22:38:34.000</caom2:dataRelease>
      <caom2:dataProductType>image</caom2:dataProductType>
      <caom2:calibrationLevel>2</caom2:calibrationLevel>
      <caom2:provenance>
        <caom2:name>CASA 5.3.0-21</caom2:name>
        <caom2:version>40876 (trunk)</caom2:version>
        <caom2:project>VLASS</caom2:project>
        <caom2:producer>NRAO</caom2:producer>
        <caom2:runID>v1</caom2:runID>
        <caom2:reference>https://archive-new.nrao.edu/vlass/weblog/quicklook/VLASS1.1_T01t01.J000228-363000_P25905v1_2018_04_12T23_15_12.148/pipeline-20180412T231946/html/index.html</caom2:reference>
        <caom2:lastExecuted>2018-04-13T23:05:31.000</caom2:lastExecuted>
       </caom2:provenance>
      <caom2:position>
        <caom2:bounds xsi:type="caom2:Polygon">
          <caom2:points>
            <caom2:point>
              <caom2:cval1>1.256701109310358</caom2:cval1>
              <caom2:cval2>-35.981196244776555</caom2:cval2>
            </caom2:point>
            <caom2:point>
              <caom2:cval1>1.2652861220089888</caom2:cval1>
              <caom2:cval2>-37.01507612958861</caom2:cval2>
            </caom2:point>
            <caom2:point>
              <caom2:cval1>359.9704326539075</caom2:cval1>
              <caom2:cval2>-37.0150742624386</caom2:cval2>
            </caom2:point>
            <caom2:point>
              <caom2:cval1>359.9790222805524</caom2:cval1>
              <caom2:cval2>-35.981194402391</caom2:cval2>
            </caom2:point>
          </caom2:points>
          <caom2:samples>
            <caom2:vertices>
              <caom2:vertex>
                <caom2:cval1>1.2652861220089888</caom2:cval1>
                <caom2:cval2>-37.01507612958859</caom2:cval2>
                <caom2:type>2</caom2:type>
              </caom2:vertex>
              <caom2:vertex>
                <caom2:cval1>359.97043265390755</caom2:cval1>
                <caom2:cval2>-37.015074262438645</caom2:cval2>
                <caom2:type>1</caom2:type>
              </caom2:vertex>
              <caom2:vertex>
                <caom2:cval1>359.97902228055244</caom2:cval1>
                <caom2:cval2>-35.981194402390976</caom2:cval2>
                <caom2:type>1</caom2:type>
              </caom2:vertex>
              <caom2:vertex>
                <caom2:cval1>1.2567011093103693</caom2:cval1>
                <caom2:cval2>-35.98119624477659</caom2:cval2>
                <caom2:type>1</caom2:type>
              </caom2:vertex>
              <caom2:vertex>
                <caom2:cval1>0.0</caom2:cval1>
                <caom2:cval2>0.0</caom2:cval2>
                <caom2:type>0</caom2:type>
              </caom2:vertex>
            </caom2:vertices>
          </caom2:samples>
        </caom2:bounds>
        <caom2:dimension>
          <caom2:naxis1>3722</caom2:naxis1>
          <caom2:naxis2>3722</caom2:naxis2>
        </caom2:dimension>
        <caom2:resolution>2.5197098386032017</caom2:resolution>
        <caom2:sampleSize>1.00000000000008</caom2:sampleSize>
      </caom2:position>
      <caom2:energy>
        <caom2:bounds>
          <caom2:lower>0.07428168077783924</caom2:lower>
          <caom2:upper>0.15263502343037993</caom2:upper>
          <caom2:samples>
            <caom2:sample>
              <caom2:lower>0.07428168077783924</caom2:lower>
              <caom2:upper>0.15263502343037993</caom2:upper>
            </caom2:sample>
          </caom2:samples>
        </caom2:bounds>
        <caom2:dimension>1</caom2:dimension>
        <caom2:sampleSize>0.0783533426525407</caom2:sampleSize>
        <caom2:bandpassName>S-band</caom2:bandpassName>
        <caom2:emBand>Radio</caom2:emBand>
      </caom2:energy>
      <caom2:time>
        <caom2:bounds>
          <caom2:lower>58156.9434375</caom2:lower>
          <caom2:upper>58156.965208333335</caom2:upper>
          <caom2:samples>
            <caom2:sample>
              <caom2:lower>58156.9434375</caom2:lower>
              <caom2:upper>58156.965208333335</caom2:upper>
            </caom2:sample>
          </caom2:samples>
        </caom2:bounds>
        <caom2:dimension>1</caom2:dimension>
        <caom2:sampleSize>0.021770833336631767</caom2:sampleSize>
        <caom2:exposure>401.0</caom2:exposure>
      </caom2:time>
      <caom2:polarization>
        <caom2:states>
          <caom2:state>I</caom2:state>
        </caom2:states>
        <caom2:dimension>1</caom2:dimension>
      </caom2:polarization>
      <caom2:artifacts>
        <caom2:artifact caom2:id="00000000-0000-0000-b591-27680bff6a4b">
          <caom2:uri>ad:VLASS/VLASS1.1.ql.T01t01.J000228-363000.10.2048.v1.I.iter1.image.pbcor.tt0.rms.subim.fits</caom2:uri>
          <caom2:productType>noise</caom2:productType>
          <caom2:releaseType>data</caom2:releaseType>
          <caom2:contentType>application/fits</caom2:contentType>
          <caom2:contentLength>55425600</caom2:contentLength>
          <caom2:contentChecksum>md5:ae2a33238c5051611133e7090560fd8a</caom2:contentChecksum>
          <caom2:parts>
            <caom2:part caom2:id="00000000-0000-0000-80c4-205841ed41fa">
              <caom2:name>0</caom2:name>
              <caom2:chunks>
                <caom2:chunk caom2:id="00000000-0000-0000-8e57-ec6e540165d0">
                  <caom2:naxis>4</caom2:naxis>
                  <caom2:positionAxis1>1</caom2:positionAxis1>
                  <caom2:positionAxis2>2</caom2:positionAxis2>
                  <caom2:energyAxis>3</caom2:energyAxis>
                  <caom2:polarizationAxis>4</caom2:polarizationAxis>
                  <caom2:position>
                    <caom2:axis>
                      <caom2:axis1>
                        <caom2:ctype>RA---SIN</caom2:ctype>
                        <caom2:cunit>deg</caom2:cunit>
                      </caom2:axis1>
                      <caom2:axis2>
                        <caom2:ctype>DEC--SIN</caom2:ctype>
                        <caom2:cunit>deg</caom2:cunit>
                      </caom2:axis2>
                      <caom2:function>
                        <caom2:dimension>
                          <caom2:naxis1>3722</caom2:naxis1>
                          <caom2:naxis2>3722</caom2:naxis2>
                        </caom2:dimension>
                        <caom2:refCoord>
                          <caom2:coord1>
                            <caom2:pix>1861.0</caom2:pix>
                            <caom2:val>0.6180333333333</caom2:val>
                          </caom2:coord1>
                          <caom2:coord2>
                            <caom2:pix>1861.0</caom2:pix>
                            <caom2:val>-36.5</caom2:val>
                          </caom2:coord2>
                        </caom2:refCoord>
                        <caom2:cd11>-0.0002777777777778</caom2:cd11>
                        <caom2:cd12>0.0</caom2:cd12>
                        <caom2:cd21>0.0</caom2:cd21>
                        <caom2:cd22>0.0002777777777778</caom2:cd22>
                      </caom2:function>
                    </caom2:axis>
                    <caom2:coordsys>FK5</caom2:coordsys>
                    <caom2:equinox>2000.0</caom2:equinox>
                    <caom2:resolution>2.5197098386032017</caom2:resolution>
                  </caom2:position>
                  <caom2:energy>
                    <caom2:axis>
                      <caom2:axis>
                        <caom2:ctype>FREQ</caom2:ctype>
                        <caom2:cunit>Hz</caom2:cunit>
                      </caom2:axis>
                      <caom2:function>
                        <caom2:naxis>1</caom2:naxis>
                        <caom2:delta>2071773682.575</caom2:delta>
                        <caom2:refCoord>
                          <caom2:pix>1.0</caom2:pix>
                          <caom2:val>3000000000.0</caom2:val>
                        </caom2:refCoord>
                      </caom2:function>
                    </caom2:axis>
                    <caom2:specsys>LSRK</caom2:specsys>
                    <caom2:bandpassName>S-band</caom2:bandpassName>
                  </caom2:energy>
                  <caom2:time>
                    <caom2:axis>
                      <caom2:axis>
                        <caom2:ctype>TIME</caom2:ctype>
                        <caom2:cunit>d</caom2:cunit>
                      </caom2:axis>
                      <caom2:bounds>
                        <caom2:samples>
                          <caom2:range>
                            <caom2:start>
                              <caom2:pix>0.5</caom2:pix>
                              <caom2:val>58156.9434375</caom2:val>
                            </caom2:start>
                            <caom2:end>
                              <caom2:pix>1.5</caom2:pix>
                              <caom2:val>58156.965208333335</caom2:val>
                            </caom2:end>
                          </caom2:range>
                        </caom2:samples>
                      </caom2:bounds>
                    </caom2:axis>
                    <caom2:exposure>401.0</caom2:exposure>
                  </caom2:time>
                  <caom2:polarization>
                    <caom2:axis>
                      <caom2:axis>
                        <caom2:ctype>STOKES</caom2:ctype>
                      </caom2:axis>
                      <caom2:function>
                        <caom2:naxis>1</caom2:naxis>
                        <caom2:delta>1.0</caom2:delta>
                        <caom2:refCoord>
                          <caom2:pix>1.0</caom2:pix>
                          <caom2:val>1.0</caom2:val>
                        </caom2:refCoord>
                      </caom2:function>
                    </caom2:axis>
                  </caom2:polarization>
                </caom2:chunk>
              </caom2:chunks>
            </caom2:part>
          </caom2:parts>
        </caom2:artifact>
        <caom2:artifact caom2:id="00000000-0000-0000-b591-27680bff6a4b">
          <caom2:uri>ad:VLASS/VLASS1.1.ql.T01t01.J000228-363000.10.2048.v1.I.iter1.image.pbcor.tt0.subim.fits</caom2:uri>
          <caom2:productType>science</caom2:productType>
          <caom2:releaseType>data</caom2:releaseType>
          <caom2:contentType>application/fits</caom2:contentType>
          <caom2:contentLength>55425600</caom2:contentLength>
          <caom2:contentChecksum>md5:40f7c2763f92ea6e9c6b0304c569097e</caom2:contentChecksum>
          <caom2:parts>
            <caom2:part caom2:id="00000000-0000-0000-80c4-205841ed41fa">
              <caom2:name>0</caom2:name>
              <caom2:chunks>
                <caom2:chunk caom2:id="00000000-0000-0000-8e57-ec6e540165d0">
                  <caom2:naxis>4</caom2:naxis>
                  <caom2:positionAxis1>1</caom2:positionAxis1>
                  <caom2:positionAxis2>2</caom2:positionAxis2>
                  <caom2:energyAxis>3</caom2:energyAxis>
                  <caom2:polarizationAxis>4</caom2:polarizationAxis>
                  <caom2:position>
                    <caom2:axis>
                      <caom2:axis1>
                        <caom2:ctype>RA---SIN</caom2:ctype>
                        <caom2:cunit>deg</caom2:cunit>
                      </caom2:axis1>
                      <caom2:axis2>
                        <caom2:ctype>DEC--SIN</caom2:ctype>
                        <caom2:cunit>deg</caom2:cunit>
                      </caom2:axis2>
                      <caom2:function>
                        <caom2:dimension>
                          <caom2:naxis1>3722</caom2:naxis1>
                          <caom2:naxis2>3722</caom2:naxis2>
                        </caom2:dimension>
                        <caom2:refCoord>
                          <caom2:coord1>
                            <caom2:pix>1861.0</caom2:pix>
                            <caom2:val>0.6180333333333</caom2:val>
                          </caom2:coord1>
                          <caom2:coord2>
                            <caom2:pix>1861.0</caom2:pix>
                            <caom2:val>-36.5</caom2:val>
                          </caom2:coord2>
                        </caom2:refCoord>
                        <caom2:cd11>-0.0002777777777778</caom2:cd11>
                        <caom2:cd12>0.0</caom2:cd12>
                        <caom2:cd21>0.0</caom2:cd21>
                        <caom2:cd22>0.0002777777777778</caom2:cd22>
                      </caom2:function>
                    </caom2:axis>
                    <caom2:coordsys>FK5</caom2:coordsys>
                    <caom2:equinox>2000.0</caom2:equinox>
                    <caom2:resolution>2.5197098386032017</caom2:resolution>
                  </caom2:position>
                  <caom2:energy>
                    <caom2:axis>
                      <caom2:axis>
                        <caom2:ctype>FREQ</caom2:ctype>
                        <caom2:cunit>Hz</caom2:cunit>
                      </caom2:axis>
                      <caom2:function>
                        <caom2:naxis>1</caom2:naxis>
                        <caom2:delta>2071773682.575</caom2:delta>
                        <caom2:refCoord>
                          <caom2:pix>1.0</caom2:pix>
                          <caom2:val>3000000000.0</caom2:val>
                        </caom2:refCoord>
                      </caom2:function>
                    </caom2:axis>
                    <caom2:specsys>LSRK</caom2:specsys>
                    <caom2:bandpassName>S-band</caom2:bandpassName>
                  </caom2:energy>
                  <caom2:time>
                    <caom2:axis>
                      <caom2:axis>
                        <caom2:ctype>TIME</caom2:ctype>
                        <caom2:cunit>d</caom2:cunit>
                      </caom2:axis>
                      <caom2:bounds>
                        <caom2:samples>
                          <caom2:range>
                            <caom2:start>
                              <caom2:pix>0.5</caom2:pix>
                              <caom2:val>58156.9434375</caom2:val>
                            </caom2:start>
                            <caom2:end>
                              <caom2:pix>1.5</caom2:pix>
                              <caom2:val>58156.965208333335</caom2:val>
                            </caom2:end>
                          </caom2:range>
                        </caom2:samples>
                      </caom2:bounds>
                    </caom2:axis>
                    <caom2:exposure>401.0</caom2:exposure>
                  </caom2:time>
                  <caom2:polarization>
                    <caom2:axis>
                      <caom2:axis>
                        <caom2:ctype>STOKES</caom2:ctype>
                      </caom2:axis>
                      <caom2:function>
                        <caom2:naxis>1</caom2:naxis>
                        <caom2:delta>1.0</caom2:delta>
                        <caom2:refCoord>
                          <caom2:pix>1.0</caom2:pix>
                          <caom2:val>1.0</caom2:val>
                        </caom2:refCoord>
                      </caom2:function>
                    </caom2:axis>
                  </caom2:polarization>
                </caom2:chunk>
              </caom2:chunks>
            </caom2:part>
          </caom2:parts>
        </caom2:artifact>
      </caom2:artifacts>
    </caom2:plane>
  </caom2:planes>
</caom2:Observation>
