<?xml version='1.0' encoding='UTF-8'?>
<caom2:Observation xmlns:caom2="http://www.opencadc.org/caom2/xml/v2.3" xmlns:xsi="http://www.w3.org/2001/XMLSchema-instance" xsi:type="caom2:CompositeObservation" caom2:id="00000000-0000-0000-9fd3-1cc91af83a55" caom2:lastModified="2018-09-26T23:09:32.132" caom2:maxLastModified="2018-09-26T23:09:32.132" caom2:metaChecksum="md5:2ee945c15ad1fc836ad6c5028034ac8c" caom2:accMetaChecksum="md5:45c3efcef4e2d694f926fa465f43aaec">
  <caom2:collection>OMM</caom2:collection>
  <caom2:observationID>C100521_domeflat_K_CALRED</caom2:observationID>
  <caom2:metaRelease>2010-05-22T00:00:00.000</caom2:metaRelease>
  <caom2:algorithm>
    <caom2:name>composite</caom2:name>
  </caom2:algorithm>
  <caom2:type>flat</caom2:type>
  <caom2:intent>calibration</caom2:intent>
  <caom2:instrument>
    <caom2:name>CPAPIR</caom2:name>
  </caom2:instrument>
  <caom2:planes>
    <caom2:plane caom2:id="00000000-0000-0000-8068-4abe9067201b" caom2:lastModified="2018-09-26T23:09:32.132" caom2:maxLastModified="2018-09-26T23:09:32.132" caom2:metaChecksum="md5:7185adc9cbcf2ec5513ad454ecf9099c" caom2:accMetaChecksum="md5:1ce91c4079c855650f2488f2895606a1">
      <caom2:productID>C100521_domeflat_K_CALRED</caom2:productID>
      <caom2:metaRelease>2010-05-22T00:00:00.000</caom2:metaRelease>
      <caom2:dataRelease>2010-05-22T00:00:00.000</caom2:dataRelease>
      <caom2:dataProductType>image</caom2:dataProductType>
      <caom2:calibrationLevel>1</caom2:calibrationLevel>
      <caom2:provenance>
        <caom2:name>CPAPIR</caom2:name>
	<caom2:version>1.0</caom2:version>
	<caom2:project>Standard Pipeline</caom2:project>
	<caom2:reference>http://genesis.astro.umontreal.ca</caom2:reference>
        <caom2:inputs>
          <caom2:planeURI>caom:OMM/C100521_0293_CAL/C100521_0293_CAL</caom2:planeURI>
          <caom2:planeURI>caom:OMM/C100521_0237_CAL/C100521_0237_CAL</caom2:planeURI>
          <caom2:planeURI>caom:OMM/C100521_0295_CAL/C100521_0295_CAL</caom2:planeURI>
          <caom2:planeURI>caom:OMM/C100521_0239_CAL/C100521_0239_CAL</caom2:planeURI>
          <caom2:planeURI>caom:OMM/C100521_0242_CAL/C100521_0242_CAL</caom2:planeURI>
          <caom2:planeURI>caom:OMM/C100521_0245_CAL/C100521_0245_CAL</caom2:planeURI>
          <caom2:planeURI>caom:OMM/C100521_0235_CAL/C100521_0235_CAL</caom2:planeURI>
          <caom2:planeURI>caom:OMM/C100521_0296_CAL/C100521_0296_CAL</caom2:planeURI>
          <caom2:planeURI>caom:OMM/C100521_0236_CAL/C100521_0236_CAL</caom2:planeURI>
          <caom2:planeURI>caom:OMM/C100521_0292_CAL/C100521_0292_CAL</caom2:planeURI>
          <caom2:planeURI>caom:OMM/C100521_0241_CAL/C100521_0241_CAL</caom2:planeURI>
          <caom2:planeURI>caom:OMM/C100521_0299_CAL/C100521_0299_CAL</caom2:planeURI>
          <caom2:planeURI>caom:OMM/C100521_0294_CAL/C100521_0294_CAL</caom2:planeURI>
          <caom2:planeURI>caom:OMM/C100521_0240_CAL/C100521_0240_CAL</caom2:planeURI>
          <caom2:planeURI>caom:OMM/C100521_0238_CAL/C100521_0238_CAL</caom2:planeURI>
          <caom2:planeURI>caom:OMM/C100521_0300_CAL/C100521_0300_CAL</caom2:planeURI>
          <caom2:planeURI>caom:OMM/C100521_0290_CAL/C100521_0290_CAL</caom2:planeURI>
          <caom2:planeURI>caom:OMM/C100521_0244_CAL/C100521_0244_CAL</caom2:planeURI>
          <caom2:planeURI>caom:OMM/C100521_0297_CAL/C100521_0297_CAL</caom2:planeURI>
          <caom2:planeURI>caom:OMM/C100521_0291_CAL/C100521_0291_CAL</caom2:planeURI>
          <caom2:planeURI>caom:OMM/C100521_0243_CAL/C100521_0243_CAL</caom2:planeURI>
          <caom2:planeURI>caom:OMM/C100521_0298_CAL/C100521_0298_CAL</caom2:planeURI>
        </caom2:inputs>
      </caom2:provenance>
      <caom2:position/>
      <caom2:energy/>
      <caom2:time/>
      <caom2:polarization/>
      <caom2:artifacts>
        <caom2:artifact caom2:id="00000000-0000-0000-9f17-9eeefadfe0cd" caom2:lastModified="2018-09-26T23:09:32.132" caom2:maxLastModified="2018-09-26T23:09:32.132" caom2:metaChecksum="md5:fc3119f80277f4b20b23ca3d1988ac5a" caom2:accMetaChecksum="md5:41f9966d40c8ee382abfbd9f29f797f6">
          <caom2:uri>ad:OMM/C100521_domeflat_K_CALRED.fits.gz</caom2:uri>
          <caom2:productType>calibration</caom2:productType>
          <caom2:releaseType>data</caom2:releaseType>
          <caom2:contentType>application/fits</caom2:contentType>
          <caom2:contentLength>12768884</caom2:contentLength>
          <caom2:contentChecksum>md5:3bd194e7411cf80b15f36ad10be96fc7</caom2:contentChecksum>
          <caom2:parts>
            <caom2:part caom2:id="00000000-0000-0000-b7ab-05a4aafcf442" caom2:lastModified="2018-09-26T23:09:32.132" caom2:maxLastModified="2018-09-26T23:09:32.132" caom2:metaChecksum="md5:3539d40a2c3705aecb5a94f235929ef2" caom2:accMetaChecksum="md5:e3b4e1fc6b5324940e4667ac2cf3ef4f">
              <caom2:name>0</caom2:name>
              <caom2:productType>calibration</caom2:productType>
              <caom2:chunks>
                <caom2:chunk caom2:id="00000000-0000-0000-b40e-1bdf3a0ca8a4" caom2:lastModified="2018-09-26T23:09:32.132" caom2:maxLastModified="2018-09-26T23:09:32.132" caom2:metaChecksum="md5:e27e0300aa8ce7dc9f243186fce32851" caom2:accMetaChecksum="md5:adb9dd8ad7f3661ef8307beca4bdcd89">
                  <caom2:productType>calibration</caom2:productType>
                  <caom2:naxis>4</caom2:naxis>
                </caom2:chunk>
              </caom2:chunks>
            </caom2:part>
          </caom2:parts>
        </caom2:artifact>
        <caom2:artifact caom2:id="00000000-0000-0000-b9a9-e7039cf76ca2" caom2:lastModified="2018-11-01T00:25:14.843" caom2:maxLastModified="2018-11-01T00:25:14.843" caom2:metaChecksum="md5:ba4facd2da001c29ec77155084cffed0" caom2:accMetaChecksum="md5:dd02c97c5892a1b7ed0f688cd40cac17">
          <caom2:uri>ad:OMM/C100521_domeflat_K_CALRED_prev.jpg</caom2:uri>
          <caom2:productType>preview</caom2:productType>
          <caom2:releaseType>data</caom2:releaseType>
          <caom2:contentType>image/jpeg</caom2:contentType>
          <caom2:contentLength>612394</caom2:contentLength>
          <caom2:contentChecksum>md5:2b728b80c9c6fcb88896ded29972aa8c</caom2:contentChecksum>
          <caom2:parts/>
        </caom2:artifact>
        <caom2:artifact caom2:id="00000000-0000-0000-8526-9902f5ad14a4" caom2:lastModified="2018-11-01T00:25:14.843" caom2:maxLastModified="2018-11-01T00:25:14.843" caom2:metaChecksum="md5:ff2ada46484283d49919758a997fbf91" caom2:accMetaChecksum="md5:26b012a71f34ca39ff2eb80ca82f43cc">
          <caom2:uri>ad:OMM/C100521_domeflat_K_CALRED_prev_256.jpg</caom2:uri>
          <caom2:productType>thumbnail</caom2:productType>
          <caom2:releaseType>data</caom2:releaseType>
          <caom2:contentType>image/jpeg</caom2:contentType>
          <caom2:contentLength>3473</caom2:contentLength>
          <caom2:contentChecksum>md5:1ec01f86ca638c74d3a5eefbfffa0b1e</caom2:contentChecksum>
          <caom2:parts/>
        </caom2:artifact>
      </caom2:artifacts>
    </caom2:plane>
  </caom2:planes>
  <caom2:members>
    <caom2:observationURI>caom:OMM/C100521_0300_CAL</caom2:observationURI>
    <caom2:observationURI>caom:OMM/C100521_0296_CAL</caom2:observationURI>
    <caom2:observationURI>caom:OMM/C100521_0239_CAL</caom2:observationURI>
    <caom2:observationURI>caom:OMM/C100521_0245_CAL</caom2:observationURI>
    <caom2:observationURI>caom:OMM/C100521_0238_CAL</caom2:observationURI>
    <caom2:observationURI>caom:OMM/C100521_0236_CAL</caom2:observationURI>
    <caom2:observationURI>caom:OMM/C100521_0243_CAL</caom2:observationURI>
    <caom2:observationURI>caom:OMM/C100521_0240_CAL</caom2:observationURI>
    <caom2:observationURI>caom:OMM/C100521_0291_CAL</caom2:observationURI>
    <caom2:observationURI>caom:OMM/C100521_0298_CAL</caom2:observationURI>
    <caom2:observationURI>caom:OMM/C100521_0292_CAL</caom2:observationURI>
    <caom2:observationURI>caom:OMM/C100521_0235_CAL</caom2:observationURI>
    <caom2:observationURI>caom:OMM/C100521_0244_CAL</caom2:observationURI>
    <caom2:observationURI>caom:OMM/C100521_0242_CAL</caom2:observationURI>
    <caom2:observationURI>caom:OMM/C100521_0297_CAL</caom2:observationURI>
    <caom2:observationURI>caom:OMM/C100521_0241_CAL</caom2:observationURI>
    <caom2:observationURI>caom:OMM/C100521_0299_CAL</caom2:observationURI>
    <caom2:observationURI>caom:OMM/C100521_0290_CAL</caom2:observationURI>
    <caom2:observationURI>caom:OMM/C100521_0295_CAL</caom2:observationURI>
    <caom2:observationURI>caom:OMM/C100521_0294_CAL</caom2:observationURI>
    <caom2:observationURI>caom:OMM/C100521_0237_CAL</caom2:observationURI>
    <caom2:observationURI>caom:OMM/C100521_0293_CAL</caom2:observationURI>
  </caom2:members>
</caom2:Observation>
