<caom2:Observation xmlns:caom2="http://www.opencadc.org/caom2/xml/v2.3" xmlns:xsi="http://www.w3.org/2001/XMLSchema-instance" xsi:type="caom2:SimpleObservation" caom2:id="00000000-0000-0000-bb6a-c28264feb96f" caom2:lastModified="2018-07-26T10:44:26.150" caom2:maxLastModified="2018-07-26T10:44:34.446" caom2:metaChecksum="md5:de31a5fa0fa6d1baa37b9d1292f9b30e" caom2:accMetaChecksum="md5:a5a02bb97b3cbc48c61fd7a02b9f3bdc">
  <caom2:collection>OMM</caom2:collection>
  <caom2:observationID>C120213_0004_REJECT</caom2:observationID>
  <caom2:metaRelease>2012-02-13T18:14:28.000</caom2:metaRelease>
  <caom2:algorithm>
    <caom2:name>exposure</caom2:name>
  </caom2:algorithm>
  <caom2:type>reject</caom2:type>
  <caom2:intent>calibration</caom2:intent>
  <caom2:target>
    <caom2:name>BAD</caom2:name>
    <caom2:type>object</caom2:type>
    <caom2:standard>false</caom2:standard>
    <caom2:moving>false</caom2:moving>
  </caom2:target>
  <caom2:targetPosition>
    <caom2:coordsys>ICRS</caom2:coordsys>
    <caom2:equinox>2000.0</caom2:equinox>
    <caom2:coordinates>
      <caom2:cval1>57.05472</caom2:cval1>
      <caom2:cval2>24.137898</caom2:cval2>
    </caom2:coordinates>
  </caom2:targetPosition>
  <caom2:requirements>
    <caom2:flag>fail</caom2:flag>
  </caom2:requirements>
  <caom2:telescope>
    <caom2:name>OMM-1.6m</caom2:name>
    <caom2:geoLocationX>1448028.9616748542</caom2:geoLocationX>
    <caom2:geoLocationY>-4242093.481212275</caom2:geoLocationY>
    <caom2:geoLocationZ>4523795.303587095</caom2:geoLocationZ>
  </caom2:telescope>
  <caom2:instrument>
    <caom2:name>CPAPIR</caom2:name>
    <caom2:keywords>
      <caom2:keyword>DETECTOR=CPAPIR-HAWAII-2</caom2:keyword>
    </caom2:keywords>
  </caom2:instrument>
  <caom2:environment>
    <caom2:ambientTemp>-11.575</caom2:ambientTemp>
  </caom2:environment>
  <caom2:planes>
    <caom2:plane caom2:id="00000000-0000-0000-935e-bd9791d613a0" caom2:lastModified="2018-07-26T10:44:26.150" caom2:maxLastModified="2018-07-26T10:44:34.446" caom2:metaChecksum="md5:8de1f5d8ef50dbef9fd96446a07e6e7a" caom2:accMetaChecksum="md5:b7b0728ca3f3cb3adcb13495070581e6">
      <caom2:productID>C120213_0004_REJECT</caom2:productID>
      <caom2:metaRelease>2012-02-13T23:14:28.000</caom2:metaRelease>
      <caom2:dataRelease>2013-08-14T00:00:00.000</caom2:dataRelease>
      <caom2:dataProductType>image</caom2:dataProductType>
      <caom2:calibrationLevel>1</caom2:calibrationLevel>
      <caom2:provenance>
        <caom2:name>CPAPIR</caom2:name>
        <caom2:version>1.0</caom2:version>
        <caom2:project>Standard Pipeline</caom2:project>
        <caom2:producer>LAE</caom2:producer>
        <caom2:runID>120213</caom2:runID>
        <caom2:reference>http://genesis.astro.umontreal.ca</caom2:reference>
      </caom2:provenance>
      <caom2:position/>
      <caom2:energy>
        <caom2:bounds>
          <caom2:lower>1.1699999999999998e-06</caom2:lower>
          <caom2:upper>1.33e-06</caom2:upper>
          <caom2:samples>
            <caom2:sample>
              <caom2:lower>1.1699999999999998e-06</caom2:lower>
              <caom2:upper>1.33e-06</caom2:upper>
            </caom2:sample>
          </caom2:samples>
        </caom2:bounds>
        <caom2:dimension>1</caom2:dimension>
        <caom2:sampleSize>1.6000000000000016e-07</caom2:sampleSize>
        <caom2:bandpassName>J</caom2:bandpassName>
        <caom2:emBand>Infrared</caom2:emBand>
      </caom2:energy>
      <caom2:time>
        <caom2:bounds>
          <caom2:lower>55970.96837962963</caom2:lower>
          <caom2:upper>55970.9684375</caom2:upper>
          <caom2:samples>
            <caom2:sample>
              <caom2:lower>55970.96837962963</caom2:lower>
              <caom2:upper>55970.9684375</caom2:upper>
            </caom2:sample>
          </caom2:samples>
        </caom2:bounds>
        <caom2:dimension>1</caom2:dimension>
        <caom2:resolution>0.1</caom2:resolution>
        <caom2:sampleSize>5.7870369346346706e-05</caom2:sampleSize>
        <caom2:exposure>5.412</caom2:exposure>
      </caom2:time>
      <caom2:polarization/>
      <caom2:artifacts>
        <caom2:artifact caom2:id="00000000-0000-0000-8eea-8ef8623c7c6a" caom2:lastModified="2018-07-26T10:44:26.150" caom2:maxLastModified="2018-07-26T10:44:26.150" caom2:metaChecksum="md5:8dd4c9763e5de4ac7481566582f708f8" caom2:accMetaChecksum="md5:0ed0efd65f0176be09bc8ee98ad12650">
          <caom2:uri>ad:OMM/C120213_0004_REJECT.fits.gz</caom2:uri>
          <caom2:productType>calibration</caom2:productType>
          <caom2:releaseType>data</caom2:releaseType>
          <caom2:contentType>application/fits</caom2:contentType>
          <caom2:contentLength>6164174</caom2:contentLength>
          <caom2:contentChecksum>md5:5f755420fa3f5103630e24a6b71c111c</caom2:contentChecksum>
          <caom2:parts>
            <caom2:part caom2:id="00000000-0000-0000-89ef-6089194de172" caom2:lastModified="2018-07-26T10:44:26.150" caom2:maxLastModified="2018-07-26T10:44:26.150" caom2:metaChecksum="md5:67e4c6e63496a16da7c01855248387b2" caom2:accMetaChecksum="md5:775df16527c922f8c8b068229bce715c">
              <caom2:name>0</caom2:name>
              <caom2:productType>calibration</caom2:productType>
              <caom2:chunks>
                <caom2:chunk caom2:id="00000000-0000-0000-a863-486371e21c47" caom2:lastModified="2018-07-26T10:44:26.150" caom2:maxLastModified="2018-07-26T10:44:26.150" caom2:metaChecksum="md5:e43e36850b2c975fcc8bc348b279f057" caom2:accMetaChecksum="md5:a20033cece88377a0f3cc60103b8f565">
                  <caom2:productType>calibration</caom2:productType>
                  <caom2:naxis>4</caom2:naxis>
                  <caom2:energyAxis>3</caom2:energyAxis>
                  <caom2:timeAxis>4</caom2:timeAxis>
                  <caom2:energy>
                    <caom2:axis>
                      <caom2:axis>
                        <caom2:ctype>WAVE</caom2:ctype>
                        <caom2:cunit>um</caom2:cunit>
                      </caom2:axis>
                      <caom2:range>
                        <caom2:start>
                          <caom2:pix>0.5</caom2:pix>
                          <caom2:val>1.17</caom2:val>
                        </caom2:start>
                        <caom2:end>
                          <caom2:pix>1.5</caom2:pix>
                          <caom2:val>1.33</caom2:val>
                        </caom2:end>
                      </caom2:range>
                    </caom2:axis>
                    <caom2:specsys>TOPCENT</caom2:specsys>
                    <caom2:ssysobs>TOPCENT</caom2:ssysobs>
                    <caom2:ssyssrc>TOPCENT</caom2:ssyssrc>
                    <caom2:bandpassName>J</caom2:bandpassName>
                  </caom2:energy>
                  <caom2:time>
                    <caom2:axis>
                      <caom2:axis>
                        <caom2:ctype>TIME</caom2:ctype>
                        <caom2:cunit>d</caom2:cunit>
                      </caom2:axis>
                      <caom2:range>
                        <caom2:start>
                          <caom2:pix>0.5</caom2:pix>
                          <caom2:val>55970.96837962963</caom2:val>
                        </caom2:start>
                        <caom2:end>
                          <caom2:pix>1.5</caom2:pix>
                          <caom2:val>55970.9684375</caom2:val>
                        </caom2:end>
                      </caom2:range>
                      <caom2:function>
                        <caom2:naxis>1</caom2:naxis>
                        <caom2:delta>5.412</caom2:delta>
                        <caom2:refCoord>
                          <caom2:pix>0.5</caom2:pix>
                          <caom2:val>55970.96837962963</caom2:val>
                        </caom2:refCoord>
                      </caom2:function>
                    </caom2:axis>
                    <caom2:timesys>UTC</caom2:timesys>
                    <caom2:trefpos>TOPOCENTER</caom2:trefpos>
                    <caom2:exposure>5.412</caom2:exposure>
                    <caom2:resolution>0.1</caom2:resolution>
                  </caom2:time>
                </caom2:chunk>
              </caom2:chunks>
            </caom2:part>
          </caom2:parts>
        </caom2:artifact>
        <caom2:artifact caom2:id="00000000-0000-0000-bebe-3440234354e3" caom2:lastModified="2018-07-26T10:44:34.446" caom2:maxLastModified="2018-07-26T10:44:34.446" caom2:metaChecksum="md5:86aa3c3f4e32668f13a684b2cf61369d" caom2:accMetaChecksum="md5:08f2ef5eea1762e824ba2442b0c6568e">
          <caom2:uri>ad:OMM/C120213_0004_REJECT_prev.jpg</caom2:uri>
          <caom2:productType>preview</caom2:productType>
          <caom2:releaseType>data</caom2:releaseType>
          <caom2:contentType>image/jpeg</caom2:contentType>
          <caom2:contentLength>184510</caom2:contentLength>
          <caom2:contentChecksum>md5:2936acef5f5f31d52077d0c4f19568fb</caom2:contentChecksum>
          <caom2:parts/>
        </caom2:artifact>
        <caom2:artifact caom2:id="00000000-0000-0000-a617-163a0a6d56c3" caom2:lastModified="2018-07-26T10:44:34.446" caom2:maxLastModified="2018-07-26T10:44:34.446" caom2:metaChecksum="md5:992e551fb2d8f711048d00657b110244" caom2:accMetaChecksum="md5:e01ac29557b726fdf90b256d63e76b6c">
          <caom2:uri>ad:OMM/C120213_0004_REJECT_prev_256.jpg</caom2:uri>
          <caom2:productType>thumbnail</caom2:productType>
          <caom2:releaseType>data</caom2:releaseType>
          <caom2:contentType>image/jpeg</caom2:contentType>
          <caom2:contentLength>2250</caom2:contentLength>
          <caom2:contentChecksum>md5:a8adda73f9fa19f4bad19614736fccaf</caom2:contentChecksum>
          <caom2:parts/>
        </caom2:artifact>
      </caom2:artifacts>
    </caom2:plane>
  </caom2:planes>
</caom2:Observation>
