<?xml version='1.0' encoding='UTF-8'?>
<caom2:Observation xmlns:caom2="http://www.opencadc.org/caom2/xml/v2.3" xmlns:xsi="http://www.w3.org/2001/XMLSchema-instance" xsi:type="caom2:CompositeObservation" caom2:id="00000000-0000-0000-b7ea-766de224f735" caom2:lastModified="2018-10-31T23:59:27.695" caom2:maxLastModified="2018-11-01T00:12:18.910" caom2:metaChecksum="md5:bc801e30e454832e893e741530283e58" caom2:accMetaChecksum="md5:2aa2a7d465c10a086dcd845ae19e8509">
  <caom2:collection>OMM</caom2:collection>
  <caom2:observationID>C120402_domeflat_J_CALRED</caom2:observationID>
  <caom2:metaRelease>2012-04-03T06:02:31.000</caom2:metaRelease>
  <caom2:algorithm>
    <caom2:name>composite</caom2:name>
  </caom2:algorithm>
  <caom2:type>flat</caom2:type>
  <caom2:intent>calibration</caom2:intent>
  <caom2:target>
    <caom2:name>domeflat</caom2:name>
    <caom2:type>object</caom2:type>
    <caom2:standard>false</caom2:standard>
    <caom2:moving>false</caom2:moving>
  </caom2:target>
  <caom2:targetPosition>
    <caom2:coordsys>ICRS</caom2:coordsys>
    <caom2:equinox>2000.0</caom2:equinox>
    <caom2:coordinates>
      <caom2:cval1>205.586865</caom2:cval1>
      <caom2:cval2>28.426319</caom2:cval2>
    </caom2:coordinates>
  </caom2:targetPosition>
  <caom2:telescope>
    <caom2:name>OMM-1.6m</caom2:name>
    <caom2:geoLocationX>1448028.9616748542</caom2:geoLocationX>
    <caom2:geoLocationY>-4242093.481212275</caom2:geoLocationY>
    <caom2:geoLocationZ>4523795.303587095</caom2:geoLocationZ>
  </caom2:telescope>
  <caom2:instrument>
    <caom2:name>CPAPIR</caom2:name>
    <caom2:keywords>
      <caom2:keyword>DETECTOR=CPAPIR-HAWAII-2</caom2:keyword>
    </caom2:keywords>
  </caom2:instrument>
  <caom2:planes>
    <caom2:plane caom2:id="00000000-0000-0000-826a-4078cb661ade" caom2:lastModified="2018-10-31T23:59:27.695" caom2:maxLastModified="2018-11-01T00:12:18.910" caom2:metaChecksum="md5:de2da42679e362a94a9c6b87426a730b" caom2:accMetaChecksum="md5:cd61c55d017d5249041a0e195a59cb52">
      <caom2:productID>C120402_domeflat_J_CALRED</caom2:productID>
      <caom2:metaRelease>2012-04-03T10:02:31.000</caom2:metaRelease>
      <caom2:dataRelease>2013-10-02T00:00:00.000</caom2:dataRelease>
      <caom2:dataProductType>image</caom2:dataProductType>
      <caom2:calibrationLevel>1</caom2:calibrationLevel>
      <caom2:provenance>
        <caom2:name>CPAPIR</caom2:name>
        <caom2:version>1.0</caom2:version>
        <caom2:project>Standard Pipeline</caom2:project>
        <caom2:producer>LAE</caom2:producer>
        <caom2:runID>120402</caom2:runID>
        <caom2:reference>http://genesis.astro.umontreal.ca</caom2:reference>
        <caom2:inputs>
          <caom2:planeURI>caom:OMM/C120402_0718_CAL/C120402_0718_CAL</caom2:planeURI>
          <caom2:planeURI>caom:OMM/C120402_0723_CAL/C120402_0723_CAL</caom2:planeURI>
          <caom2:planeURI>caom:OMM/C120402_0722_CAL/C120402_0722_CAL</caom2:planeURI>
          <caom2:planeURI>caom:OMM/C120402_0732_CAL/C120402_0732_CAL</caom2:planeURI>
          <caom2:planeURI>caom:OMM/C120402_0716_CAL/C120402_0716_CAL</caom2:planeURI>
          <caom2:planeURI>caom:OMM/C120402_0730_CAL/C120402_0730_CAL</caom2:planeURI>
          <caom2:planeURI>caom:OMM/C120402_0735_CAL/C120402_0735_CAL</caom2:planeURI>
          <caom2:planeURI>caom:OMM/C120402_0717_CAL/C120402_0717_CAL</caom2:planeURI>
          <caom2:planeURI>caom:OMM/C120402_0727_CAL/C120402_0727_CAL</caom2:planeURI>
          <caom2:planeURI>caom:OMM/C120402_0721_CAL/C120402_0721_CAL</caom2:planeURI>
          <caom2:planeURI>caom:OMM/C120402_0726_CAL/C120402_0726_CAL</caom2:planeURI>
          <caom2:planeURI>caom:OMM/C120402_0719_CAL/C120402_0719_CAL</caom2:planeURI>
          <caom2:planeURI>caom:OMM/C120402_0736_CAL/C120402_0736_CAL</caom2:planeURI>
          <caom2:planeURI>caom:OMM/C120402_0733_CAL/C120402_0733_CAL</caom2:planeURI>
          <caom2:planeURI>caom:OMM/C120402_0725_CAL/C120402_0725_CAL</caom2:planeURI>
          <caom2:planeURI>caom:OMM/C120402_0720_CAL/C120402_0720_CAL</caom2:planeURI>
          <caom2:planeURI>caom:OMM/C120402_0715_CAL/C120402_0715_CAL</caom2:planeURI>
          <caom2:planeURI>caom:OMM/C120402_0724_CAL/C120402_0724_CAL</caom2:planeURI>
          <caom2:planeURI>caom:OMM/C120402_0734_CAL/C120402_0734_CAL</caom2:planeURI>
          <caom2:planeURI>caom:OMM/C120402_0729_CAL/C120402_0729_CAL</caom2:planeURI>
          <caom2:planeURI>caom:OMM/C120402_0728_CAL/C120402_0728_CAL</caom2:planeURI>
          <caom2:planeURI>caom:OMM/C120402_0731_CAL/C120402_0731_CAL</caom2:planeURI>
        </caom2:inputs>
      </caom2:provenance>
      <caom2:position/>
      <caom2:energy>
        <caom2:bounds>
          <caom2:lower>1.1699999999999998e-06</caom2:lower>
          <caom2:upper>1.33e-06</caom2:upper>
          <caom2:samples>
            <caom2:sample>
              <caom2:lower>1.1699999999999998e-06</caom2:lower>
              <caom2:upper>1.33e-06</caom2:upper>
            </caom2:sample>
          </caom2:samples>
        </caom2:bounds>
        <caom2:dimension>1</caom2:dimension>
        <caom2:sampleSize>1.6000000000000016e-07</caom2:sampleSize>
        <caom2:bandpassName>J</caom2:bandpassName>
        <caom2:emBand>Infrared</caom2:emBand>
      </caom2:energy>
      <caom2:time>
        <caom2:bounds>
          <caom2:lower>56020.9184144</caom2:lower>
          <caom2:upper>56020.9208102</caom2:upper>
          <caom2:samples>
            <caom2:sample>
              <caom2:lower>56020.9184144</caom2:lower>
              <caom2:upper>56020.9208102</caom2:upper>
            </caom2:sample>
          </caom2:samples>
        </caom2:bounds>
        <caom2:dimension>1</caom2:dimension>
        <caom2:resolution>0.1</caom2:resolution>
        <caom2:sampleSize>0.0023957999947015196</caom2:sampleSize>
        <caom2:exposure>178.607000351</caom2:exposure>
      </caom2:time>
      <caom2:polarization/>
      <caom2:artifacts>
        <caom2:artifact caom2:id="00000000-0000-0000-9389-37f723c312bc" caom2:lastModified="2018-11-01T00:12:18.910" caom2:maxLastModified="2018-11-01T00:12:18.910" caom2:metaChecksum="md5:b5630490e5dc67c467f3373bbafa860d" caom2:accMetaChecksum="md5:18d6c724c92a4580b48536c5e039635c">
          <caom2:uri>ad:OMM/C120402_domeflat_J_CALRED.fits.gz</caom2:uri>
          <caom2:productType>calibration</caom2:productType>
          <caom2:releaseType>data</caom2:releaseType>
          <caom2:contentType>application/fits</caom2:contentType>
          <caom2:contentLength>10456318</caom2:contentLength>
          <caom2:contentChecksum>md5:a909b099e2f11b5a155001beb81f3394</caom2:contentChecksum>
          <caom2:parts>
            <caom2:part caom2:id="00000000-0000-0000-93f3-f77c06d7a3af" caom2:lastModified="2018-10-31T23:59:27.695" caom2:maxLastModified="2018-10-31T23:59:27.695" caom2:metaChecksum="md5:37e53b883bb1bebc7843615da3fd3e4f" caom2:accMetaChecksum="md5:669d61efbd9c9cdc9a6b9f5bd79298f3">
              <caom2:name>0</caom2:name>
              <caom2:productType>calibration</caom2:productType>
              <caom2:chunks>
                <caom2:chunk caom2:id="00000000-0000-0000-9c69-6e4d3c31e201" caom2:lastModified="2018-10-31T23:59:27.695" caom2:maxLastModified="2018-10-31T23:59:27.695" caom2:metaChecksum="md5:0a2959a857f819d1434f3fe7d6b85349" caom2:accMetaChecksum="md5:962664986f1320a928a52fd0037d6f77">
                  <caom2:productType>calibration</caom2:productType>
                  <caom2:naxis>4</caom2:naxis>
                  <caom2:energyAxis>3</caom2:energyAxis>
                  <caom2:timeAxis>4</caom2:timeAxis>
                  <caom2:energy>
                    <caom2:axis>
                      <caom2:axis>
                        <caom2:ctype>WAVE</caom2:ctype>
                        <caom2:cunit>um</caom2:cunit>
                      </caom2:axis>
                      <caom2:range>
                        <caom2:start>
                          <caom2:pix>0.5</caom2:pix>
                          <caom2:val>1.17</caom2:val>
                        </caom2:start>
                        <caom2:end>
                          <caom2:pix>1.5</caom2:pix>
                          <caom2:val>1.33</caom2:val>
                        </caom2:end>
                      </caom2:range>
                    </caom2:axis>
                    <caom2:specsys>TOPCENT</caom2:specsys>
                    <caom2:ssysobs>TOPCENT</caom2:ssysobs>
                    <caom2:ssyssrc>TOPCENT</caom2:ssyssrc>
                    <caom2:bandpassName>J</caom2:bandpassName>
                  </caom2:energy>
                  <caom2:time>
                    <caom2:axis>
                      <caom2:axis>
                        <caom2:ctype>TIME</caom2:ctype>
                        <caom2:cunit>d</caom2:cunit>
                      </caom2:axis>
                      <caom2:range>
                        <caom2:start>
                          <caom2:pix>0.5</caom2:pix>
                          <caom2:val>56020.9184144</caom2:val>
                        </caom2:start>
                        <caom2:end>
                          <caom2:pix>1.5</caom2:pix>
                          <caom2:val>56020.9208102</caom2:val>
                        </caom2:end>
                      </caom2:range>
                      <caom2:function>
                        <caom2:naxis>1</caom2:naxis>
                        <caom2:delta>178.607000351</caom2:delta>
                        <caom2:refCoord>
                          <caom2:pix>0.5</caom2:pix>
                          <caom2:val>56020.9184144</caom2:val>
                        </caom2:refCoord>
                      </caom2:function>
                    </caom2:axis>
                    <caom2:timesys>UTC</caom2:timesys>
                    <caom2:trefpos>TOPOCENTER</caom2:trefpos>
                    <caom2:exposure>178.607000351</caom2:exposure>
                    <caom2:resolution>0.1</caom2:resolution>
                  </caom2:time>
                </caom2:chunk>
              </caom2:chunks>
            </caom2:part>
          </caom2:parts>
        </caom2:artifact>
        <caom2:artifact caom2:id="00000000-0000-0000-b2c2-d90f6c6892b9" caom2:lastModified="2018-10-31T23:59:30.535" caom2:maxLastModified="2018-10-31T23:59:30.535" caom2:metaChecksum="md5:3b59fe5dd117990db771f767cc559b56" caom2:accMetaChecksum="md5:8d42e11379e8c1c922ed85f44fd64ccc">
          <caom2:uri>ad:OMM/C120402_domeflat_J_CALRED_prev.jpg</caom2:uri>
          <caom2:productType>preview</caom2:productType>
          <caom2:releaseType>data</caom2:releaseType>
          <caom2:contentType>image/jpeg</caom2:contentType>
          <caom2:contentLength>630703</caom2:contentLength>
          <caom2:contentChecksum>md5:3c0713a978baf920c3d27fc7d3aecbeb</caom2:contentChecksum>
          <caom2:parts/>
        </caom2:artifact>
        <caom2:artifact caom2:id="00000000-0000-0000-9dd9-47d1afc5efc2" caom2:lastModified="2018-10-31T23:59:30.535" caom2:maxLastModified="2018-10-31T23:59:30.535" caom2:metaChecksum="md5:76335665b2df64ae1a6d7fcc60101943" caom2:accMetaChecksum="md5:b01b64178efbe460c4fd60573fc4a974">
          <caom2:uri>ad:OMM/C120402_domeflat_J_CALRED_prev_256.jpg</caom2:uri>
          <caom2:productType>thumbnail</caom2:productType>
          <caom2:releaseType>data</caom2:releaseType>
          <caom2:contentType>image/jpeg</caom2:contentType>
          <caom2:contentLength>3508</caom2:contentLength>
          <caom2:contentChecksum>md5:0564ec0f6971e5b45e262e969ddee9ef</caom2:contentChecksum>
          <caom2:parts/>
        </caom2:artifact>
      </caom2:artifacts>
    </caom2:plane>
  </caom2:planes>
  <caom2:members>
    <caom2:observationURI>caom:OMM/C120402_0721_CAL</caom2:observationURI>
    <caom2:observationURI>caom:OMM/C120402_0727_CAL</caom2:observationURI>
    <caom2:observationURI>caom:OMM/C120402_0725_CAL</caom2:observationURI>
    <caom2:observationURI>caom:OMM/C120402_0731_CAL</caom2:observationURI>
    <caom2:observationURI>caom:OMM/C120402_0733_CAL</caom2:observationURI>
    <caom2:observationURI>caom:OMM/C120402_0735_CAL</caom2:observationURI>
    <caom2:observationURI>caom:OMM/C120402_0734_CAL</caom2:observationURI>
    <caom2:observationURI>caom:OMM/C120402_0730_CAL</caom2:observationURI>
    <caom2:observationURI>caom:OMM/C120402_0726_CAL</caom2:observationURI>
    <caom2:observationURI>caom:OMM/C120402_0732_CAL</caom2:observationURI>
    <caom2:observationURI>caom:OMM/C120402_0719_CAL</caom2:observationURI>
    <caom2:observationURI>caom:OMM/C120402_0729_CAL</caom2:observationURI>
    <caom2:observationURI>caom:OMM/C120402_0728_CAL</caom2:observationURI>
    <caom2:observationURI>caom:OMM/C120402_0723_CAL</caom2:observationURI>
    <caom2:observationURI>caom:OMM/C120402_0717_CAL</caom2:observationURI>
    <caom2:observationURI>caom:OMM/C120402_0724_CAL</caom2:observationURI>
    <caom2:observationURI>caom:OMM/C120402_0720_CAL</caom2:observationURI>
    <caom2:observationURI>caom:OMM/C120402_0715_CAL</caom2:observationURI>
    <caom2:observationURI>caom:OMM/C120402_0736_CAL</caom2:observationURI>
    <caom2:observationURI>caom:OMM/C120402_0718_CAL</caom2:observationURI>
    <caom2:observationURI>caom:OMM/C120402_0722_CAL</caom2:observationURI>
    <caom2:observationURI>caom:OMM/C120402_0716_CAL</caom2:observationURI>
  </caom2:members>
</caom2:Observation>
