<caom2:Observation xmlns:caom2="http://www.opencadc.org/caom2/xml/v2.3" xmlns:xsi="http://www.w3.org/2001/XMLSchema-instance" xsi:type="caom2:SimpleObservation" caom2:id="00000000-0000-0000-bea8-bf1d05e25191" caom2:lastModified="2018-08-31T00:53:27.755" caom2:maxLastModified="2018-08-31T00:53:32.201" caom2:metaChecksum="md5:95b619f3b8682e10be0d779ea2976f43" caom2:accMetaChecksum="md5:e0057d7a7bbe2137fc9472412671b6ac">
  <caom2:collection>OMM</caom2:collection>
  <caom2:observationID>C180616_0135_SCI</caom2:observationID>
  <caom2:metaRelease>2018-06-16T22:47:12.000</caom2:metaRelease>
  <caom2:algorithm>
    <caom2:name>exposure</caom2:name>
  </caom2:algorithm>
  <caom2:type>object</caom2:type>
  <caom2:intent>science</caom2:intent>
  <caom2:target>
    <caom2:name>M51</caom2:name>
    <caom2:type>object</caom2:type>
    <caom2:standard>false</caom2:standard>
    <caom2:moving>false</caom2:moving>
  </caom2:target>
  <caom2:targetPosition>
    <caom2:coordsys>ICRS</caom2:coordsys>
    <caom2:equinox>2000.0</caom2:equinox>
    <caom2:coordinates>
      <caom2:cval1>202.834291921</caom2:cval1>
      <caom2:cval2>47.1105319539</caom2:cval2>
    </caom2:coordinates>
  </caom2:targetPosition>
  <caom2:telescope>
    <caom2:name>OMM-1.6m</caom2:name>
    <caom2:geoLocationX>1448028.9616748542</caom2:geoLocationX>
    <caom2:geoLocationY>-4242093.481212275</caom2:geoLocationY>
    <caom2:geoLocationZ>4523795.303587095</caom2:geoLocationZ>
  </caom2:telescope>
  <caom2:instrument>
    <caom2:name>CPAPIR</caom2:name>
    <caom2:keywords>
      <caom2:keyword>DETECTOR=CPAPIR-HAWAII-2</caom2:keyword>
    </caom2:keywords>
  </caom2:instrument>
  <caom2:planes>
    <caom2:plane caom2:id="00000000-0000-0000-835b-596a6189cdbb" caom2:lastModified="2018-08-31T00:53:32.201" caom2:maxLastModified="2018-08-31T00:53:32.201" caom2:metaChecksum="md5:8215cd9f1af44759ba7e8a9991ee65a0" caom2:accMetaChecksum="md5:87870fe40c78b09f0291ef9e9eb2cb22">
      <caom2:productID>C180616_0135_SCI</caom2:productID>
      <caom2:metaRelease>2018-06-17T02:47:12.000</caom2:metaRelease>
      <caom2:dataRelease>2019-12-16T00:00:00.000</caom2:dataRelease>
      <caom2:dataProductType>image</caom2:dataProductType>
      <caom2:calibrationLevel>1</caom2:calibrationLevel>
      <caom2:provenance>
        <caom2:name>CPAPIR</caom2:name>
        <caom2:version>1.0</caom2:version>
        <caom2:project>Standard Pipeline</caom2:project>
        <caom2:producer>LAE</caom2:producer>
        <caom2:runID>180616</caom2:runID>
        <caom2:reference>http://genesis.astro.umontreal.ca</caom2:reference>
      </caom2:provenance>
      <caom2:position>
        <caom2:bounds xsi:type="caom2:Polygon">
          <caom2:points>
            <caom2:point>
              <caom2:cval1>202.46737399999998</caom2:cval1>
              <caom2:cval2>47.36821100000002</caom2:cval2>
            </caom2:point>
            <caom2:point>
              <caom2:cval1>203.21578400000004</caom2:cval1>
              <caom2:cval2>47.35828299999999</caom2:cval2>
            </caom2:point>
            <caom2:point>
              <caom2:cval1>203.19801899999996</caom2:cval1>
              <caom2:cval2>46.851438999999985</caom2:cval2>
            </caom2:point>
            <caom2:point>
              <caom2:cval1>202.45670100000004</caom2:cval1>
              <caom2:cval2>46.861274</caom2:cval2>
            </caom2:point>
          </caom2:points>
          <caom2:samples>
            <caom2:vertices>
              <caom2:vertex>
                <caom2:cval1>203.198019</caom2:cval1>
                <caom2:cval2>46.851439</caom2:cval2>
                <caom2:type>2</caom2:type>
              </caom2:vertex>
              <caom2:vertex>
                <caom2:cval1>202.456701</caom2:cval1>
                <caom2:cval2>46.861274</caom2:cval2>
                <caom2:type>1</caom2:type>
              </caom2:vertex>
              <caom2:vertex>
                <caom2:cval1>202.467374</caom2:cval1>
                <caom2:cval2>47.368211</caom2:cval2>
                <caom2:type>1</caom2:type>
              </caom2:vertex>
              <caom2:vertex>
                <caom2:cval1>203.215784</caom2:cval1>
                <caom2:cval2>47.358283</caom2:cval2>
                <caom2:type>1</caom2:type>
              </caom2:vertex>
              <caom2:vertex>
                <caom2:cval1>0.0</caom2:cval1>
                <caom2:cval2>0.0</caom2:cval2>
                <caom2:type>0</caom2:type>
              </caom2:vertex>
            </caom2:vertices>
          </caom2:samples>
        </caom2:bounds>
        <caom2:dimension>
          <caom2:naxis1>2048</caom2:naxis1>
          <caom2:naxis2>2048</caom2:naxis2>
        </caom2:dimension>
        <caom2:sampleSize>0.8916769932046427</caom2:sampleSize>
      </caom2:position>
      <caom2:energy>
        <caom2:bounds>
          <caom2:lower>1.5e-06</caom2:lower>
          <caom2:upper>1.7999999999999997e-06</caom2:upper>
          <caom2:samples>
            <caom2:sample>
              <caom2:lower>1.5e-06</caom2:lower>
              <caom2:upper>1.7999999999999997e-06</caom2:upper>
            </caom2:sample>
          </caom2:samples>
        </caom2:bounds>
        <caom2:dimension>1</caom2:dimension>
        <caom2:sampleSize>2.9999999999999967e-07</caom2:sampleSize>
        <caom2:bandpassName>H</caom2:bandpassName>
        <caom2:emBand>Infrared</caom2:emBand>
      </caom2:energy>
      <caom2:time>
        <caom2:bounds>
          <caom2:lower>58286.116111111114</caom2:lower>
          <caom2:upper>58286.11622685185</caom2:upper>
          <caom2:samples>
            <caom2:sample>
              <caom2:lower>58286.116111111114</caom2:lower>
              <caom2:upper>58286.11622685185</caom2:upper>
            </caom2:sample>
          </caom2:samples>
        </caom2:bounds>
        <caom2:dimension>1</caom2:dimension>
        <caom2:resolution>0.1</caom2:resolution>
        <caom2:sampleSize>0.00011574073869269341</caom2:sampleSize>
        <caom2:exposure>9.471</caom2:exposure>
      </caom2:time>
      <caom2:polarization/>
      <caom2:artifacts>
        <caom2:artifact caom2:id="00000000-0000-0000-bdb5-762205d6d919" caom2:lastModified="2018-08-31T00:53:27.755" caom2:maxLastModified="2018-08-31T00:53:32.201" caom2:metaChecksum="md5:581e11d64811be0c5e7be0a3068ae391" caom2:accMetaChecksum="md5:46bd5132fd5d19b055571535ffbbb2b5">
          <caom2:uri>ad:OMM/C180616_0135_SCI.fits.gz</caom2:uri>
          <caom2:productType>science</caom2:productType>
          <caom2:releaseType>data</caom2:releaseType>
          <caom2:contentType>application/fits</caom2:contentType>
          <caom2:contentLength>6993777</caom2:contentLength>
          <caom2:contentChecksum>md5:99958a4f6528f6ef4ee9be75af325f4c</caom2:contentChecksum>
          <caom2:parts>
            <caom2:part caom2:id="00000000-0000-0000-932d-14733942a79d" caom2:lastModified="2018-08-31T00:53:27.755" caom2:maxLastModified="2018-08-31T00:53:32.201" caom2:metaChecksum="md5:a31670e9afc5e02c203e0e57f07a0be8" caom2:accMetaChecksum="md5:8d70d155eae02ce7650ca73f3fc8decf">
              <caom2:name>0</caom2:name>
              <caom2:productType>science</caom2:productType>
              <caom2:chunks>
                <caom2:chunk caom2:id="00000000-0000-0000-a808-111f8b2a7da7" caom2:lastModified="2018-08-31T00:53:32.201" caom2:maxLastModified="2018-08-31T00:53:32.201" caom2:metaChecksum="md5:52fd054597f8d045a72105cffab84292" caom2:accMetaChecksum="md5:b33fa501fac208aa746a65b9b4bd6b9b">
                  <caom2:productType>science</caom2:productType>
                  <caom2:naxis>4</caom2:naxis>
                  <caom2:positionAxis1>1</caom2:positionAxis1>
                  <caom2:positionAxis2>2</caom2:positionAxis2>
                  <caom2:energyAxis>3</caom2:energyAxis>
                  <caom2:timeAxis>4</caom2:timeAxis>
                  <caom2:position>
                    <caom2:axis>
                      <caom2:axis1>
                        <caom2:ctype>RA---TAN</caom2:ctype>
                        <caom2:cunit>deg</caom2:cunit>
                      </caom2:axis1>
                      <caom2:axis2>
                        <caom2:ctype>DEC--TAN</caom2:ctype>
                        <caom2:cunit>deg</caom2:cunit>
                      </caom2:axis2>
                      <caom2:bounds>
                        <caom2:polygon>
                          <caom2:vertices>
                            <caom2:vertex>
                              <caom2:coord1>203.198019</caom2:coord1>
                              <caom2:coord2>46.851439</caom2:coord2>
                            </caom2:vertex>
                            <caom2:vertex>
                              <caom2:coord1>202.456701</caom2:coord1>
                              <caom2:coord2>46.861274</caom2:coord2>
                            </caom2:vertex>
                            <caom2:vertex>
                              <caom2:coord1>202.467374</caom2:coord1>
                              <caom2:coord2>47.368211</caom2:coord2>
                            </caom2:vertex>
                            <caom2:vertex>
                              <caom2:coord1>203.215784</caom2:coord1>
                              <caom2:coord2>47.358283</caom2:coord2>
                            </caom2:vertex>
                          </caom2:vertices>
                        </caom2:polygon>
                      </caom2:bounds>
                      <caom2:function>
                        <caom2:dimension>
                          <caom2:naxis1>2048</caom2:naxis1>
                          <caom2:naxis2>2048</caom2:naxis2>
                        </caom2:dimension>
                        <caom2:refCoord>
                          <caom2:coord1>
                            <caom2:pix>1024.0</caom2:pix>
                            <caom2:val>202.834648852</caom2:val>
                          </caom2:coord1>
                          <caom2:coord2>
                            <caom2:pix>1024.0</caom2:pix>
                            <caom2:val>47.1102794934</caom2:val>
                          </caom2:coord2>
                        </caom2:refCoord>
                        <caom2:cd11>-0.000247650867865</caom2:cd11>
                        <caom2:cd12>4.7285369771e-06</caom2:cd12>
                        <caom2:cd21>4.82798358007e-06</caom2:cd21>
                        <caom2:cd22>0.00024763304144</caom2:cd22>
                      </caom2:function>
                    </caom2:axis>
                    <caom2:coordsys>ICRS</caom2:coordsys>
                    <caom2:equinox>2000.0</caom2:equinox>
                  </caom2:position>
                  <caom2:energy>
                    <caom2:axis>
                      <caom2:axis>
                        <caom2:ctype>WAVE</caom2:ctype>
                        <caom2:cunit>um</caom2:cunit>
                      </caom2:axis>
                      <caom2:range>
                        <caom2:start>
                          <caom2:pix>0.5</caom2:pix>
                          <caom2:val>1.5</caom2:val>
                        </caom2:start>
                        <caom2:end>
                          <caom2:pix>1.5</caom2:pix>
                          <caom2:val>1.7999999999999998</caom2:val>
                        </caom2:end>
                      </caom2:range>
                    </caom2:axis>
                    <caom2:specsys>TOPCENT</caom2:specsys>
                    <caom2:ssysobs>TOPCENT</caom2:ssysobs>
                    <caom2:ssyssrc>TOPCENT</caom2:ssyssrc>
                    <caom2:bandpassName>H</caom2:bandpassName>
                  </caom2:energy>
                  <caom2:time>
                    <caom2:axis>
                      <caom2:axis>
                        <caom2:ctype>TIME</caom2:ctype>
                        <caom2:cunit>d</caom2:cunit>
                      </caom2:axis>
                      <caom2:range>
                        <caom2:start>
                          <caom2:pix>0.5</caom2:pix>
                          <caom2:val>58286.116111111114</caom2:val>
                        </caom2:start>
                        <caom2:end>
                          <caom2:pix>1.5</caom2:pix>
                          <caom2:val>58286.11622685185</caom2:val>
                        </caom2:end>
                      </caom2:range>
                      <caom2:function>
                        <caom2:naxis>1</caom2:naxis>
                        <caom2:delta>9.471</caom2:delta>
                        <caom2:refCoord>
                          <caom2:pix>0.5</caom2:pix>
                          <caom2:val>58286.116111111114</caom2:val>
                        </caom2:refCoord>
                      </caom2:function>
                    </caom2:axis>
                    <caom2:timesys>UTC</caom2:timesys>
                    <caom2:trefpos>TOPOCENTER</caom2:trefpos>
                    <caom2:exposure>9.471</caom2:exposure>
                    <caom2:resolution>0.1</caom2:resolution>
                  </caom2:time>
                </caom2:chunk>
              </caom2:chunks>
            </caom2:part>
          </caom2:parts>
        </caom2:artifact>
        <caom2:artifact caom2:id="00000000-0000-0000-97b3-55097e4026c2" caom2:lastModified="2018-08-31T00:53:32.201" caom2:maxLastModified="2018-08-31T00:53:32.201" caom2:metaChecksum="md5:ac3bc1ba3c50a2c0b79310b32bb844c9" caom2:accMetaChecksum="md5:6c0936460524198e9950db7fafbb9dc1">
          <caom2:uri>ad:OMM/C180616_0135_SCI_prev.jpg</caom2:uri>
          <caom2:productType>preview</caom2:productType>
          <caom2:releaseType>data</caom2:releaseType>
          <caom2:contentType>image/jpeg</caom2:contentType>
          <caom2:contentLength>684881</caom2:contentLength>
          <caom2:contentChecksum>md5:bb78838867ccece3ab0708cdf9418c06</caom2:contentChecksum>
          <caom2:parts/>
        </caom2:artifact>
        <caom2:artifact caom2:id="00000000-0000-0000-8d14-c7c35997fb1d" caom2:lastModified="2018-08-31T00:53:32.201" caom2:maxLastModified="2018-08-31T00:53:32.201" caom2:metaChecksum="md5:948c3cee60a08e0e361d24c26a1af16f" caom2:accMetaChecksum="md5:93d84260af615e4236eebfc61b1b657f">
          <caom2:uri>ad:OMM/C180616_0135_SCI_prev_256.jpg</caom2:uri>
          <caom2:productType>thumbnail</caom2:productType>
          <caom2:releaseType>data</caom2:releaseType>
          <caom2:contentType>image/jpeg</caom2:contentType>
          <caom2:contentLength>4417</caom2:contentLength>
          <caom2:contentChecksum>md5:c498250df98b4b7fc7e3d0bccc0f4c58</caom2:contentChecksum>
          <caom2:parts/>
        </caom2:artifact>
      </caom2:artifacts>
    </caom2:plane>
  </caom2:planes>
</caom2:Observation>
