<caom2:Observation xmlns:caom2="http://www.opencadc.org/caom2/xml/v2.3" xmlns:xsi="http://www.w3.org/2001/XMLSchema-instance" xsi:type="caom2:SimpleObservation" caom2:id="00000000-0000-0000-aa53-ebe30c8a43bb" caom2:lastModified="2018-08-30T20:04:27.376" caom2:maxLastModified="2018-08-30T20:04:28.958" caom2:metaChecksum="md5:016eebc6ea1c8087b94b30ca5ac5caf6" caom2:accMetaChecksum="md5:31f38b8e2115849bb67292267b65a828">
  <caom2:collection>OMM</caom2:collection>
  <caom2:observationID>C180108_0002_SCI</caom2:observationID>
  <caom2:metaRelease>2018-01-08T14:53:40.000</caom2:metaRelease>
  <caom2:algorithm>
    <caom2:name>exposure</caom2:name>
  </caom2:algorithm>
  <caom2:type>object</caom2:type>
  <caom2:intent>science</caom2:intent>
  <caom2:target>
    <caom2:name>no_name_ra0_dec0</caom2:name>
    <caom2:type>object</caom2:type>
    <caom2:standard>false</caom2:standard>
    <caom2:moving>false</caom2:moving>
  </caom2:target>
  <caom2:telescope>
    <caom2:name>OMM-1.6m</caom2:name>
    <caom2:geoLocationX>1448028.9616748542</caom2:geoLocationX>
    <caom2:geoLocationY>-4242093.481212275</caom2:geoLocationY>
    <caom2:geoLocationZ>4523795.303587095</caom2:geoLocationZ>
  </caom2:telescope>
  <caom2:instrument>
    <caom2:name>CPAPIR</caom2:name>
    <caom2:keywords>
      <caom2:keyword>DETECTOR=CPAPIR-HAWAII-2</caom2:keyword>
    </caom2:keywords>
  </caom2:instrument>
  <caom2:planes>
    <caom2:plane caom2:id="00000000-0000-0000-ad24-60a4d9d0681a" caom2:lastModified="2018-08-30T20:04:27.376" caom2:maxLastModified="2018-08-30T20:04:28.958" caom2:metaChecksum="md5:02bc16d49452fb951d6b1d324d870727" caom2:accMetaChecksum="md5:5ed3d109a23130957626df0bc7b85343">
      <caom2:productID>C180108_0002_SCI</caom2:productID>
      <caom2:metaRelease>2018-01-08T19:53:40.000</caom2:metaRelease>
      <caom2:dataRelease>2019-07-10T00:00:00.000</caom2:dataRelease>
      <caom2:dataProductType>image</caom2:dataProductType>
      <caom2:calibrationLevel>1</caom2:calibrationLevel>
      <caom2:provenance>
        <caom2:name>CPAPIR</caom2:name>
        <caom2:version>1.0</caom2:version>
        <caom2:project>Standard Pipeline</caom2:project>
        <caom2:producer>LAE</caom2:producer>
        <caom2:runID>180108</caom2:runID>
        <caom2:reference>http://genesis.astro.umontreal.ca</caom2:reference>
      </caom2:provenance>
      <caom2:position/>
      <caom2:energy/>
      <caom2:time>
        <caom2:bounds>
          <caom2:lower>58126.828935185185</caom2:lower>
          <caom2:upper>58126.82895833333</caom2:upper>
          <caom2:samples>
            <caom2:sample>
              <caom2:lower>58126.828935185185</caom2:lower>
              <caom2:upper>58126.82895833333</caom2:upper>
            </caom2:sample>
          </caom2:samples>
        </caom2:bounds>
        <caom2:dimension>1</caom2:dimension>
        <caom2:resolution>0.1</caom2:resolution>
        <caom2:sampleSize>2.314814628334716e-05</caom2:sampleSize>
        <caom2:exposure>2.708</caom2:exposure>
      </caom2:time>
      <caom2:polarization/>
      <caom2:artifacts>
        <caom2:artifact caom2:id="00000000-0000-0000-946f-ae49f5f0b1cb" caom2:lastModified="2018-08-30T20:04:27.376" caom2:maxLastModified="2018-08-30T20:04:27.376" caom2:metaChecksum="md5:b1f0d7149c357a3d6a7ddf0af9d4a494" caom2:accMetaChecksum="md5:41ffab349d9aa42699e1b0cde6e73891">
          <caom2:uri>ad:OMM/C180108_0002_SCI.fits.gz</caom2:uri>
          <caom2:productType>science</caom2:productType>
          <caom2:releaseType>data</caom2:releaseType>
          <caom2:contentType>application/fits</caom2:contentType>
          <caom2:contentLength>3236027</caom2:contentLength>
          <caom2:contentChecksum>md5:05491c9fd0ba23bc81993db285c2008c</caom2:contentChecksum>
          <caom2:parts>
            <caom2:part caom2:id="00000000-0000-0000-a100-d328d1e39d11" caom2:lastModified="2018-08-30T20:04:27.376" caom2:maxLastModified="2018-08-30T20:04:27.376" caom2:metaChecksum="md5:36851efdeccb5e7183a98610cbac9ebb" caom2:accMetaChecksum="md5:2faee9d87d03baffc2e99a5a777f3b22">
              <caom2:name>0</caom2:name>
              <caom2:productType>science</caom2:productType>
              <caom2:chunks>
                <caom2:chunk caom2:id="00000000-0000-0000-adfb-2e420b86d89c" caom2:lastModified="2018-08-30T20:04:27.376" caom2:maxLastModified="2018-08-30T20:04:27.376" caom2:metaChecksum="md5:3982a64a7d394e1a0322966836917d06" caom2:accMetaChecksum="md5:821ce374fb066236c61e556f4acd814e">
                  <caom2:productType>science</caom2:productType>
                  <caom2:naxis>4</caom2:naxis>
                  <caom2:timeAxis>4</caom2:timeAxis>
                  <caom2:time>
                    <caom2:axis>
                      <caom2:axis>
                        <caom2:ctype>TIME</caom2:ctype>
                        <caom2:cunit>d</caom2:cunit>
                      </caom2:axis>
                      <caom2:range>
                        <caom2:start>
                          <caom2:pix>0.5</caom2:pix>
                          <caom2:val>58126.828935185185</caom2:val>
                        </caom2:start>
                        <caom2:end>
                          <caom2:pix>1.5</caom2:pix>
                          <caom2:val>58126.82895833333</caom2:val>
                        </caom2:end>
                      </caom2:range>
                      <caom2:function>
                        <caom2:naxis>1</caom2:naxis>
                        <caom2:delta>2.708</caom2:delta>
                        <caom2:refCoord>
                          <caom2:pix>0.5</caom2:pix>
                          <caom2:val>58126.828935185185</caom2:val>
                        </caom2:refCoord>
                      </caom2:function>
                    </caom2:axis>
                    <caom2:timesys>UTC</caom2:timesys>
                    <caom2:trefpos>TOPOCENTER</caom2:trefpos>
                    <caom2:exposure>2.708</caom2:exposure>
                    <caom2:resolution>0.1</caom2:resolution>
                  </caom2:time>
                </caom2:chunk>
              </caom2:chunks>
            </caom2:part>
          </caom2:parts>
        </caom2:artifact>
        <caom2:artifact caom2:id="00000000-0000-0000-b639-848292cd44f1" caom2:lastModified="2018-08-30T20:04:28.958" caom2:maxLastModified="2018-08-30T20:04:28.958" caom2:metaChecksum="md5:5462658040fc806f04637eafcb45a6e5" caom2:accMetaChecksum="md5:ff61b788c1e1697ee20a15d5392684b2">
          <caom2:uri>ad:OMM/C180108_0002_SCI_prev.jpg</caom2:uri>
          <caom2:productType>preview</caom2:productType>
          <caom2:releaseType>data</caom2:releaseType>
          <caom2:contentType>image/jpeg</caom2:contentType>
          <caom2:contentLength>962519</caom2:contentLength>
          <caom2:contentChecksum>md5:3c8deb07dc35579afa96a47c30d8f9d6</caom2:contentChecksum>
          <caom2:parts/>
        </caom2:artifact>
        <caom2:artifact caom2:id="00000000-0000-0000-9329-e39407a64ab2" caom2:lastModified="2018-08-30T20:04:28.958" caom2:maxLastModified="2018-08-30T20:04:28.958" caom2:metaChecksum="md5:5c3b8b96a2947aefec147f8c7bc2930f" caom2:accMetaChecksum="md5:3c3771cff69e5ecd0d12729421c15746">
          <caom2:uri>ad:OMM/C180108_0002_SCI_prev_256.jpg</caom2:uri>
          <caom2:productType>thumbnail</caom2:productType>
          <caom2:releaseType>data</caom2:releaseType>
          <caom2:contentType>image/jpeg</caom2:contentType>
          <caom2:contentLength>16758</caom2:contentLength>
          <caom2:contentChecksum>md5:a1e55c58d066cda06b5307e01180aa3d</caom2:contentChecksum>
          <caom2:parts/>
        </caom2:artifact>
      </caom2:artifacts>
    </caom2:plane>
  </caom2:planes>
</caom2:Observation>
