<caom2:Observation xmlns:caom2="http://www.opencadc.org/caom2/xml/v2.3" xmlns:xsi="http://www.w3.org/2001/XMLSchema-instance" xsi:type="caom2:SimpleObservation" caom2:id="00000000-0000-0000-a7f8-781c785002c8" caom2:lastModified="2019-03-26T18:34:47.911" caom2:maxLastModified="2019-06-20T18:48:27.425" caom2:metaChecksum="md5:34e47e503ab89067e424d5fa5b8b02df" caom2:accMetaChecksum="md5:6fc14ff33f75fc82bcbd2eae333f306b">
  <caom2:collection>GEMINI</caom2:collection>
  <caom2:observationID>GS-2017A-Q-58-66-027</caom2:observationID>
  <caom2:metaRelease>2018-09-05T00:00:00.000</caom2:metaRelease>
  <caom2:algorithm>
    <caom2:name>exposure</caom2:name>
  </caom2:algorithm>
  <caom2:type>OBJECT</caom2:type>
  <caom2:intent>science</caom2:intent>
  <caom2:proposal>
    <caom2:id>GS-2017A-Q-58</caom2:id>
    <caom2:pi>Frederique Baron</caom2:pi>
    <caom2:title>Wide orbit Exoplanet search with InfraRed Direct imaging</caom2:title>
  </caom2:proposal>
  <caom2:target>
    <caom2:name>HIP32435</caom2:name>
    <caom2:type>field</caom2:type>
  </caom2:target>
  <caom2:telescope>
    <caom2:name>Gemini-South</caom2:name>
    <caom2:geoLocationX>1820184.0557473274</caom2:geoLocationX>
    <caom2:geoLocationY>-5208320.066618682</caom2:geoLocationY>
    <caom2:geoLocationZ>-3194829.197152751</caom2:geoLocationZ>
  </caom2:telescope>
  <caom2:instrument>
    <caom2:name>F2</caom2:name>
  </caom2:instrument>
  <caom2:planes>
    <caom2:plane caom2:id="00000000-0000-0000-a975-0c57bc6254c5" caom2:lastModified="2019-03-26T18:34:47.911" caom2:maxLastModified="2019-06-20T18:48:27.425" caom2:metaChecksum="md5:2e8139f6fe9d1810b56dc03219d659b1" caom2:accMetaChecksum="md5:da4338e835fa2f9d883553e01a5e2592">
      <caom2:productID>S20170905S0318</caom2:productID>
      <caom2:metaRelease>2018-09-05T00:00:00.000</caom2:metaRelease>
      <caom2:dataRelease>2018-09-05T00:00:00.000</caom2:dataRelease>
      <caom2:dataProductType>image</caom2:dataProductType>
      <caom2:calibrationLevel>1</caom2:calibrationLevel>
      <caom2:provenance>
        <caom2:name>Gemini Observatory Data</caom2:name>
        <caom2:project>Gemini Archive</caom2:project>
        <caom2:producer>Gemini Observatory</caom2:producer>
        <caom2:reference>http://archive.gemini.edu/searchform/GS-2017A-Q-58-66-027</caom2:reference>
      </caom2:provenance>
      <caom2:position>
        <caom2:bounds xsi:type="caom2:Polygon">
          <caom2:points>
            <caom2:point>
              <caom2:cval1>101.07437130534294</caom2:cval1>
              <caom2:cval2>-83.93790681311688</caom2:cval2>
            </caom2:point>
            <caom2:point>
              <caom2:cval1>102.03958802494616</caom2:cval1>
              <caom2:cval2>-83.93792075213469</caom2:cval2>
            </caom2:point>
            <caom2:point>
              <caom2:cval1>102.04835526499025</caom2:cval1>
              <caom2:cval2>-84.03979862705606</caom2:cval2>
            </caom2:point>
            <caom2:point>
              <caom2:cval1>101.06670069887193</caom2:cval1>
              <caom2:cval2>-84.03978565825525</caom2:cval2>
            </caom2:point>
          </caom2:points>
          <caom2:samples>
            <caom2:vertices>
              <caom2:vertex>
                <caom2:cval1>101.06670069887176</caom2:cval1>
                <caom2:cval2>-84.03978565825521</caom2:cval2>
                <caom2:type>2</caom2:type>
              </caom2:vertex>
              <caom2:vertex>
                <caom2:cval1>101.07437130534278</caom2:cval1>
                <caom2:cval2>-83.93790681311692</caom2:cval2>
                <caom2:type>1</caom2:type>
              </caom2:vertex>
              <caom2:vertex>
                <caom2:cval1>102.0395880249461</caom2:cval1>
                <caom2:cval2>-83.93792075213477</caom2:cval2>
                <caom2:type>1</caom2:type>
              </caom2:vertex>
              <caom2:vertex>
                <caom2:cval1>102.04835526499029</caom2:cval1>
                <caom2:cval2>-84.03979862705606</caom2:cval2>
                <caom2:type>1</caom2:type>
              </caom2:vertex>
              <caom2:vertex>
                <caom2:cval1>0.0</caom2:cval1>
                <caom2:cval2>0.0</caom2:cval2>
                <caom2:type>0</caom2:type>
              </caom2:vertex>
            </caom2:vertices>
          </caom2:samples>
        </caom2:bounds>
        <caom2:dimension>
          <caom2:naxis1>2048</caom2:naxis1>
          <caom2:naxis2>2048</caom2:naxis2>
        </caom2:dimension>
        <caom2:sampleSize>0.17913313814435353</caom2:sampleSize>
      </caom2:position>
      <caom2:energy>
        <caom2:bounds>
          <caom2:lower>1.899593750000045e-06</caom2:lower>
          <caom2:upper>2.483385714285755e-06</caom2:upper>
          <caom2:samples>
            <caom2:sample>
              <caom2:lower>1.899593750000045e-06</caom2:lower>
              <caom2:upper>2.483385714285755e-06</caom2:upper>
            </caom2:sample>
          </caom2:samples>
        </caom2:bounds>
        <caom2:dimension>1</caom2:dimension>
        <caom2:resolvingPower>3.7538881420272117</caom2:resolvingPower>
        <caom2:sampleSize>5.837919642857098e-07</caom2:sampleSize>
        <caom2:bandpassName>K-long</caom2:bandpassName>
        <caom2:emBand>Infrared</caom2:emBand>
      </caom2:energy>
      <caom2:time>
        <caom2:bounds>
          <caom2:lower>58001.4027650463</caom2:lower>
          <caom2:upper>58001.402799768526</caom2:upper>
          <caom2:samples>
            <caom2:sample>
              <caom2:lower>58001.4027650463</caom2:lower>
              <caom2:upper>58001.402799768526</caom2:upper>
            </caom2:sample>
          </caom2:samples>
        </caom2:bounds>
        <caom2:dimension>1</caom2:dimension>
        <caom2:resolution>3.0</caom2:resolution>
        <caom2:sampleSize>3.4722223062999547e-05</caom2:sampleSize>
        <caom2:exposure>3.0</caom2:exposure>
      </caom2:time>
      <caom2:polarization/>
      <caom2:artifacts>
        <caom2:artifact caom2:id="05100646-ee4b-45f6-abe0-f98f21640c7f" caom2:lastModified="2019-06-20T18:48:27.425" caom2:maxLastModified="2019-06-20T18:48:27.425" caom2:metaChecksum="md5:d583321ad5269648223aaac2a894d65f" caom2:accMetaChecksum="md5:25f8672922976b804ed6926510321939">
          <caom2:uri>ad:GEM/S20170905S0318_th.jpg</caom2:uri>
          <caom2:productType>thumbnail</caom2:productType>
          <caom2:releaseType>data</caom2:releaseType>
          <caom2:contentType>image/jpeg</caom2:contentType>
          <caom2:contentLength>9979</caom2:contentLength>
          <caom2:contentChecksum>md5:7fc2b5abc7d2dac9c8fda844e91f364e</caom2:contentChecksum>
          <caom2:parts/>
        </caom2:artifact>
        <caom2:artifact caom2:id="00000000-0000-0000-a55c-b735d603460e" caom2:lastModified="2019-06-12T23:33:52.664" caom2:maxLastModified="2019-06-12T23:33:52.664" caom2:metaChecksum="md5:50e124e6226738b9256418184476c952" caom2:accMetaChecksum="md5:0597f6ec1fc7ca3b422e3bbe83d62ed5">
          <caom2:uri>gemini:GEM/S20170905S0318.fits</caom2:uri>
          <caom2:productType>science</caom2:productType>
          <caom2:releaseType>data</caom2:releaseType>
          <caom2:contentType>application/fits</caom2:contentType>
          <caom2:contentLength>16801920</caom2:contentLength>
          <caom2:contentChecksum>md5:69a8921cfa25cc127ac70980fd00237b</caom2:contentChecksum>
          <caom2:parts>
            <caom2:part caom2:id="fef2dc95-6aea-41b1-b57b-863ff56c355f" caom2:lastModified="2019-06-12T23:33:52.664" caom2:maxLastModified="2019-06-12T23:33:52.664" caom2:metaChecksum="md5:a86da031f506289b724bcd97a8845574" caom2:accMetaChecksum="md5:8f90e12cd6e89f5580535a0b55d7aa38">
              <caom2:name>0</caom2:name>
              <caom2:chunks/>
            </caom2:part>
            <caom2:part caom2:id="00000000-0000-0000-bcde-0f8ff77b0853" caom2:lastModified="2019-04-09T21:46:13.915" caom2:maxLastModified="2019-04-09T21:46:13.915" caom2:metaChecksum="md5:3db56577c3b533df96d590a16400874d" caom2:accMetaChecksum="md5:ce2d07fc050d00524f89157114758c08">
              <caom2:name>1</caom2:name>
              <caom2:chunks>
                <caom2:chunk caom2:id="00000000-0000-0000-b6b7-bf390738449b" caom2:lastModified="2019-04-09T21:46:13.915" caom2:maxLastModified="2019-04-09T21:46:13.915" caom2:metaChecksum="md5:20e4c30ab19d2911f3e7e994d0a685d9" caom2:accMetaChecksum="md5:91070ae0f00fef8e2ca7cb3abd4fecb9">
                  <caom2:naxis>3</caom2:naxis>
                  <caom2:positionAxis1>1</caom2:positionAxis1>
                  <caom2:positionAxis2>2</caom2:positionAxis2>
                  <caom2:energyAxis>4</caom2:energyAxis>
                  <caom2:timeAxis>3</caom2:timeAxis>
                  <caom2:position>
                    <caom2:axis>
                      <caom2:axis1>
                        <caom2:ctype>RA---TAN</caom2:ctype>
                        <caom2:cunit>deg</caom2:cunit>
                      </caom2:axis1>
                      <caom2:axis2>
                        <caom2:ctype>DEC--TAN</caom2:ctype>
                        <caom2:cunit>deg</caom2:cunit>
                      </caom2:axis2>
                      <caom2:function>
                        <caom2:dimension>
                          <caom2:naxis1>2048</caom2:naxis1>
                          <caom2:naxis2>2048</caom2:naxis2>
                        </caom2:dimension>
                        <caom2:refCoord>
                          <caom2:coord1>
                            <caom2:pix>1023.90997314453</caom2:pix>
                            <caom2:val>101.556999206543</caom2:val>
                          </caom2:coord1>
                          <caom2:coord2>
                            <caom2:pix>1023.96997070312</caom2:pix>
                            <caom2:val>-83.9890975952148</caom2:val>
                          </caom2:coord2>
                        </caom2:refCoord>
                        <caom2:cd11>-2.78181992996451e-08</caom2:cd11>
                        <caom2:cd12>4.97713008371647e-05</caom2:cd12>
                        <caom2:cd21>4.974710100214e-05</caom2:cd21>
                        <caom2:cd22>-6.78905021089804e-09</caom2:cd22>
                      </caom2:function>
                    </caom2:axis>
                    <caom2:coordsys>ICRS</caom2:coordsys>
                  </caom2:position>
                  <caom2:energy>
                    <caom2:axis>
                      <caom2:axis>
                        <caom2:ctype>WAVE</caom2:ctype>
                        <caom2:cunit>um</caom2:cunit>
                      </caom2:axis>
                      <caom2:range>
                        <caom2:start>
                          <caom2:pix>0.5</caom2:pix>
                          <caom2:val>1.8995937500000453</caom2:val>
                        </caom2:start>
                        <caom2:end>
                          <caom2:pix>1.5</caom2:pix>
                          <caom2:val>2.483385714285755</caom2:val>
                        </caom2:end>
                      </caom2:range>
                    </caom2:axis>
                    <caom2:specsys>TOPOCENT</caom2:specsys>
                    <caom2:ssysobs>TOPOCENT</caom2:ssysobs>
                    <caom2:ssyssrc>TOPOCENT</caom2:ssyssrc>
                    <caom2:bandpassName>K-long</caom2:bandpassName>
                    <caom2:resolvingPower>3.7538881420272117</caom2:resolvingPower>
                  </caom2:energy>
                  <caom2:time>
                    <caom2:axis>
                      <caom2:axis>
                        <caom2:ctype>TIME</caom2:ctype>
                        <caom2:cunit>d</caom2:cunit>
                      </caom2:axis>
                      <caom2:error>
                        <caom2:syser>1e-07</caom2:syser>
                        <caom2:rnder>1e-07</caom2:rnder>
                      </caom2:error>
                      <caom2:function>
                        <caom2:naxis>1</caom2:naxis>
                        <caom2:delta>3.472222222222222e-05</caom2:delta>
                        <caom2:refCoord>
                          <caom2:pix>0.5</caom2:pix>
                          <caom2:val>58001.4027650463</caom2:val>
                        </caom2:refCoord>
                      </caom2:function>
                    </caom2:axis>
                    <caom2:timesys>UTC</caom2:timesys>
                    <caom2:exposure>3.0</caom2:exposure>
                    <caom2:resolution>3.0</caom2:resolution>
                  </caom2:time>
                </caom2:chunk>
              </caom2:chunks>
            </caom2:part>
          </caom2:parts>
        </caom2:artifact>
        <caom2:artifact caom2:id="00000000-0000-0000-bd15-6ae7f62f1853" caom2:lastModified="2019-06-12T23:33:52.664" caom2:maxLastModified="2019-06-12T23:33:52.664" caom2:metaChecksum="md5:e79c7952b17dcf5cc46dcd384e79193d" caom2:accMetaChecksum="md5:f7c4f04ad942c6d804bd88b46c6ceeea">
          <caom2:uri>gemini:GEM/S20170905S0318.jpg</caom2:uri>
          <caom2:productType>preview</caom2:productType>
          <caom2:releaseType>data</caom2:releaseType>
          <caom2:contentType>image/jpeg</caom2:contentType>
          <caom2:contentLength>78842</caom2:contentLength>
          <caom2:contentChecksum>md5:c1673de11b8b6714ade75dd65112a217</caom2:contentChecksum>
          <caom2:parts/>
        </caom2:artifact>
      </caom2:artifacts>
    </caom2:plane>
  </caom2:planes>
</caom2:Observation>
