<caom2:Observation xmlns:caom2="http://www.opencadc.org/caom2/xml/v2.3" xmlns:xsi="http://www.w3.org/2001/XMLSchema-instance" xsi:type="caom2:SimpleObservation" caom2:id="00000000-0000-0000-adaa-b3b01ed7cd4b" caom2:lastModified="2019-06-06T19:25:26.454" caom2:maxLastModified="2019-07-04T16:27:57.583" caom2:metaChecksum="md5:782a1b262c2cdadf46339427d044cc36" caom2:accMetaChecksum="md5:9c1f25420fe72e2ad85a9aba7b4ab247">
  <caom2:collection>VLASS</caom2:collection>
  <caom2:observationID>VLASS1.1.T10t12.J075402-033000</caom2:observationID>
  <caom2:metaRelease>2018-01-12T05:52:07.000</caom2:metaRelease>
  <caom2:algorithm>
    <caom2:name>exposure</caom2:name>
  </caom2:algorithm>
  <caom2:type>OBJECT</caom2:type>
  <caom2:intent>science</caom2:intent>
  <caom2:proposal>
    <caom2:id>VLASS1.1</caom2:id>
    <caom2:project>VLASS</caom2:project>
    <caom2:title>VLA Sky Survey</caom2:title>
  </caom2:proposal>
  <caom2:target>
    <caom2:name>T10t12</caom2:name>
    <caom2:type>field</caom2:type>
  </caom2:target>
  <caom2:requirements>
    <caom2:flag>fail</caom2:flag>
  </caom2:requirements>
  <caom2:telescope>
    <caom2:name>EVLA</caom2:name>
    <caom2:geoLocationX>-1601156.673287</caom2:geoLocationX>
    <caom2:geoLocationY>-5041988.986066</caom2:geoLocationY>
    <caom2:geoLocationZ>3554879.236821</caom2:geoLocationZ>
  </caom2:telescope>
  <caom2:instrument>
    <caom2:name>S-WIDAR</caom2:name>
  </caom2:instrument>
  <caom2:planes>
    <caom2:plane caom2:id="00000000-0000-0000-b02a-79551436d600" caom2:lastModified="2019-07-04T16:27:57.583" caom2:maxLastModified="2019-07-04T16:27:57.583" caom2:metaChecksum="md5:aaa1930851e9e4ab0e563d4dc2933f53" caom2:accMetaChecksum="md5:0dbc2bb0fbd04294a4338977dd173fa3">
      <caom2:productID>VLASS1.1.T10t12.J075402-033000.quicklook</caom2:productID>
      <caom2:metaRelease>2018-01-12T05:52:07.000</caom2:metaRelease>
      <caom2:dataRelease>2018-01-12T05:52:07.000</caom2:dataRelease>
      <caom2:dataProductType>image</caom2:dataProductType>
      <caom2:calibrationLevel>2</caom2:calibrationLevel>
      <caom2:provenance>
        <caom2:name>CASA 5.3.0-21</caom2:name>
        <caom2:version>40876 (trunk)</caom2:version>
        <caom2:project>VLASS</caom2:project>
        <caom2:producer>NRAO</caom2:producer>
        <caom2:runID>v1</caom2:runID>
        <caom2:reference>https://archive-new.nrao.edu/vlass/weblog/quicklook/VLASS1.1_T10t12.J075402-033000_P19997v1_2018_03_21T20_10_50.507/pipeline-20180321T201317/html/index.html</caom2:reference>
        <caom2:lastExecuted>2018-03-24T08:50:34.000</caom2:lastExecuted>
      </caom2:provenance>
      <caom2:position>
        <caom2:bounds xsi:type="caom2:Polygon">
          <caom2:points>
            <caom2:point>
              <caom2:cval1>117.99387480642896</caom2:cval1>
              <caom2:cval2>-2.982767001427675</caom2:cval2>
            </caom2:point>
            <caom2:point>
              <caom2:cval1>119.0291803610773</caom2:cval1>
              <caom2:cval2>-2.9827671546485988</caom2:cval2>
            </caom2:point>
            <caom2:point>
              <caom2:cval1>119.02975183090528</caom2:cval1>
              <caom2:cval2>-4.016669913722609</caom2:cval2>
            </caom2:point>
            <caom2:point>
              <caom2:cval1>117.9933030294419</caom2:cval1>
              <caom2:cval2>-4.016669760332448</caom2:cval2>
            </caom2:point>
          </caom2:points>
          <caom2:samples>
            <caom2:vertices>
              <caom2:vertex>
                <caom2:cval1>119.02975183090527</caom2:cval1>
                <caom2:cval2>-4.016669913722577</caom2:cval2>
                <caom2:type>2</caom2:type>
              </caom2:vertex>
              <caom2:vertex>
                <caom2:cval1>117.99330302944188</caom2:cval1>
                <caom2:cval2>-4.016669760332442</caom2:cval2>
                <caom2:type>1</caom2:type>
              </caom2:vertex>
              <caom2:vertex>
                <caom2:cval1>117.99387480642896</caom2:cval1>
                <caom2:cval2>-2.9827670014276815</caom2:cval2>
                <caom2:type>1</caom2:type>
              </caom2:vertex>
              <caom2:vertex>
                <caom2:cval1>119.02918036107727</caom2:cval1>
                <caom2:cval2>-2.9827671546486334</caom2:cval2>
                <caom2:type>1</caom2:type>
              </caom2:vertex>
              <caom2:vertex>
                <caom2:cval1>0.0</caom2:cval1>
                <caom2:cval2>0.0</caom2:cval2>
                <caom2:type>0</caom2:type>
              </caom2:vertex>
            </caom2:vertices>
          </caom2:samples>
        </caom2:bounds>
        <caom2:dimension>
          <caom2:naxis1>3722</caom2:naxis1>
          <caom2:naxis2>3722</caom2:naxis2>
        </caom2:dimension>
        <caom2:resolution>2.4568764592594796</caom2:resolution>
        <caom2:sampleSize>1.00000000000008</caom2:sampleSize>
      </caom2:position>
      <caom2:energy>
        <caom2:bounds>
          <caom2:lower>0.07428087026570807</caom2:lower>
          <caom2:upper>0.15263844573723362</caom2:upper>
          <caom2:samples>
            <caom2:sample>
              <caom2:lower>0.07428087026570807</caom2:lower>
              <caom2:upper>0.15263844573723362</caom2:upper>
            </caom2:sample>
          </caom2:samples>
        </caom2:bounds>
        <caom2:dimension>1</caom2:dimension>
        <caom2:sampleSize>0.07835757547152555</caom2:sampleSize>
        <caom2:bandpassName>S-band</caom2:bandpassName>
        <caom2:emBand>Radio</caom2:emBand>
      </caom2:energy>
      <caom2:time>
        <caom2:bounds>
          <caom2:lower>58130.244525462964</caom2:lower>
          <caom2:upper>58130.268796296295</caom2:upper>
          <caom2:samples>
            <caom2:sample>
              <caom2:lower>58130.244525462964</caom2:lower>
              <caom2:upper>58130.268796296295</caom2:upper>
            </caom2:sample>
          </caom2:samples>
        </caom2:bounds>
        <caom2:dimension>1</caom2:dimension>
        <caom2:sampleSize>0.024270833331684116</caom2:sampleSize>
        <caom2:exposure>317.0</caom2:exposure>
      </caom2:time>
      <caom2:polarization>
        <caom2:states>
          <caom2:state>I</caom2:state>
        </caom2:states>
        <caom2:dimension>1</caom2:dimension>
      </caom2:polarization>
      <caom2:artifacts>
        <caom2:artifact caom2:id="00000000-0000-0000-ae2d-5637e3cb48ef" caom2:lastModified="2018-09-17T19:55:47.282" caom2:maxLastModified="2019-06-05T22:43:11.839" caom2:metaChecksum="md5:08fc6c1d640a54d1c4bf7781f3419b6f" caom2:accMetaChecksum="md5:c2e5d1ccd7f4cd70253134b5bcc531c7">
          <caom2:uri>ad:VLASS/VLASS1.1.ql.T10t12.J075402-033000.10.2048.v1.I.iter1.image.pbcor.tt0.rms.subim.fits</caom2:uri>
          <caom2:productType>noise</caom2:productType>
          <caom2:releaseType>data</caom2:releaseType>
          <caom2:contentType>application/fits</caom2:contentType>
          <caom2:contentLength>55425600</caom2:contentLength>
          <caom2:contentChecksum>md5:5ac526af19233c3002d0ad6924bedf77</caom2:contentChecksum>
          <caom2:parts>
            <caom2:part caom2:id="00000000-0000-0000-80c2-3c59b0d733b1" caom2:lastModified="2018-09-17T19:55:47.282" caom2:maxLastModified="2019-06-05T22:43:11.839" caom2:metaChecksum="md5:6421d8e1008d158bc33348736e37cb2a" caom2:accMetaChecksum="md5:2918a9a8dda7fd3340a2ea06880332eb">
              <caom2:name>0</caom2:name>
              <caom2:chunks>
                <caom2:chunk caom2:id="00000000-0000-0000-bc16-6d7923df6769" caom2:lastModified="2019-06-05T22:43:11.839" caom2:maxLastModified="2019-06-05T22:43:11.839" caom2:metaChecksum="md5:f2a7b400beed380d317fb9685dd7e8fb" caom2:accMetaChecksum="md5:dca860ebd2e58cdf3780952a345c71a5">
                  <caom2:naxis>4</caom2:naxis>
                  <caom2:positionAxis1>1</caom2:positionAxis1>
                  <caom2:positionAxis2>2</caom2:positionAxis2>
                  <caom2:energyAxis>3</caom2:energyAxis>
                  <caom2:timeAxis>5</caom2:timeAxis>
                  <caom2:polarizationAxis>4</caom2:polarizationAxis>
                  <caom2:position>
                    <caom2:axis>
                      <caom2:axis1>
                        <caom2:ctype>RA---SIN</caom2:ctype>
                        <caom2:cunit>deg</caom2:cunit>
                      </caom2:axis1>
                      <caom2:axis2>
                        <caom2:ctype>DEC--SIN</caom2:ctype>
                        <caom2:cunit>deg</caom2:cunit>
                      </caom2:axis2>
                      <caom2:function>
                        <caom2:dimension>
                          <caom2:naxis1>3722</caom2:naxis1>
                          <caom2:naxis2>3722</caom2:naxis2>
                        </caom2:dimension>
                        <caom2:refCoord>
                          <caom2:coord1>
                            <caom2:pix>1861.0</caom2:pix>
                            <caom2:val>118.5116666667</caom2:val>
                          </caom2:coord1>
                          <caom2:coord2>
                            <caom2:pix>1861.0</caom2:pix>
                            <caom2:val>-3.5</caom2:val>
                          </caom2:coord2>
                        </caom2:refCoord>
                        <caom2:cd11>-0.0002777777777778</caom2:cd11>
                        <caom2:cd12>0.0</caom2:cd12>
                        <caom2:cd21>0.0</caom2:cd21>
                        <caom2:cd22>0.0002777777777778</caom2:cd22>
                      </caom2:function>
                    </caom2:axis>
                    <caom2:coordsys>FK5</caom2:coordsys>
                    <caom2:equinox>2000.0</caom2:equinox>
                    <caom2:resolution>2.45687645925948</caom2:resolution>
                  </caom2:position>
                  <caom2:energy>
                    <caom2:axis>
                      <caom2:axis>
                        <caom2:ctype>FREQ</caom2:ctype>
                        <caom2:cunit>Hz</caom2:cunit>
                      </caom2:axis>
                      <caom2:function>
                        <caom2:naxis>1</caom2:naxis>
                        <caom2:delta>2071861757.344</caom2:delta>
                        <caom2:refCoord>
                          <caom2:pix>1.0</caom2:pix>
                          <caom2:val>3000000000.0</caom2:val>
                        </caom2:refCoord>
                      </caom2:function>
                    </caom2:axis>
                    <caom2:specsys>LSRK</caom2:specsys>
                    <caom2:bandpassName>S-band</caom2:bandpassName>
                  </caom2:energy>
                  <caom2:time>
                    <caom2:axis>
                      <caom2:axis>
                        <caom2:ctype>TIME</caom2:ctype>
                        <caom2:cunit>d</caom2:cunit>
                      </caom2:axis>
                      <caom2:bounds>
                        <caom2:samples>
                          <caom2:range>
                            <caom2:start>
                              <caom2:pix>0.5</caom2:pix>
                              <caom2:val>58130.244525462964</caom2:val>
                            </caom2:start>
                            <caom2:end>
                              <caom2:pix>1.5</caom2:pix>
                              <caom2:val>58130.268796296295</caom2:val>
                            </caom2:end>
                          </caom2:range>
                        </caom2:samples>
                      </caom2:bounds>
                    </caom2:axis>
                    <caom2:exposure>317.0</caom2:exposure>
                  </caom2:time>
                  <caom2:polarization>
                    <caom2:axis>
                      <caom2:axis>
                        <caom2:ctype>STOKES</caom2:ctype>
                      </caom2:axis>
                      <caom2:function>
                        <caom2:naxis>1</caom2:naxis>
                        <caom2:delta>1.0</caom2:delta>
                        <caom2:refCoord>
                          <caom2:pix>1.0</caom2:pix>
                          <caom2:val>1.0</caom2:val>
                        </caom2:refCoord>
                      </caom2:function>
                    </caom2:axis>
                  </caom2:polarization>
                </caom2:chunk>
              </caom2:chunks>
            </caom2:part>
          </caom2:parts>
        </caom2:artifact>
        <caom2:artifact caom2:id="00000000-0000-0000-bce2-6fc74d57e23d" caom2:lastModified="2018-09-17T19:55:51.970" caom2:maxLastModified="2019-06-05T22:43:11.839" caom2:metaChecksum="md5:bc1a80d8e0cff4bbc49e62b4f11b9e46" caom2:accMetaChecksum="md5:3011580dd369f92e34cef63856d4f9f8">
          <caom2:uri>ad:VLASS/VLASS1.1.ql.T10t12.J075402-033000.10.2048.v1.I.iter1.image.pbcor.tt0.subim.fits</caom2:uri>
          <caom2:productType>science</caom2:productType>
          <caom2:releaseType>data</caom2:releaseType>
          <caom2:contentType>application/fits</caom2:contentType>
          <caom2:contentLength>55425600</caom2:contentLength>
          <caom2:contentChecksum>md5:21e31f917ac2b343e8efa6a47d51139c</caom2:contentChecksum>
          <caom2:parts>
            <caom2:part caom2:id="00000000-0000-0000-97d8-ac356aab0608" caom2:lastModified="2018-09-17T19:55:51.970" caom2:maxLastModified="2019-06-05T22:43:11.839" caom2:metaChecksum="md5:04a6714de2f832d3a5f002d313429ae5" caom2:accMetaChecksum="md5:53ea90176761542bb590eeadc45fc127">
              <caom2:name>0</caom2:name>
              <caom2:chunks>
                <caom2:chunk caom2:id="00000000-0000-0000-b716-02a852f37865" caom2:lastModified="2019-06-05T22:43:11.839" caom2:maxLastModified="2019-06-05T22:43:11.839" caom2:metaChecksum="md5:093fd92f9f70fe8ac0381c045054601a" caom2:accMetaChecksum="md5:2e9c9ef9c9ab03ce33791b2062e90bb9">
                  <caom2:naxis>4</caom2:naxis>
                  <caom2:positionAxis1>1</caom2:positionAxis1>
                  <caom2:positionAxis2>2</caom2:positionAxis2>
                  <caom2:energyAxis>3</caom2:energyAxis>
                  <caom2:timeAxis>5</caom2:timeAxis>
                  <caom2:polarizationAxis>4</caom2:polarizationAxis>
                  <caom2:position>
                    <caom2:axis>
                      <caom2:axis1>
                        <caom2:ctype>RA---SIN</caom2:ctype>
                        <caom2:cunit>deg</caom2:cunit>
                      </caom2:axis1>
                      <caom2:axis2>
                        <caom2:ctype>DEC--SIN</caom2:ctype>
                        <caom2:cunit>deg</caom2:cunit>
                      </caom2:axis2>
                      <caom2:function>
                        <caom2:dimension>
                          <caom2:naxis1>3722</caom2:naxis1>
                          <caom2:naxis2>3722</caom2:naxis2>
                        </caom2:dimension>
                        <caom2:refCoord>
                          <caom2:coord1>
                            <caom2:pix>1861.0</caom2:pix>
                            <caom2:val>118.5116666667</caom2:val>
                          </caom2:coord1>
                          <caom2:coord2>
                            <caom2:pix>1861.0</caom2:pix>
                            <caom2:val>-3.5</caom2:val>
                          </caom2:coord2>
                        </caom2:refCoord>
                        <caom2:cd11>-0.0002777777777778</caom2:cd11>
                        <caom2:cd12>0.0</caom2:cd12>
                        <caom2:cd21>0.0</caom2:cd21>
                        <caom2:cd22>0.0002777777777778</caom2:cd22>
                      </caom2:function>
                    </caom2:axis>
                    <caom2:coordsys>FK5</caom2:coordsys>
                    <caom2:equinox>2000.0</caom2:equinox>
                    <caom2:resolution>2.45687645925948</caom2:resolution>
                  </caom2:position>
                  <caom2:energy>
                    <caom2:axis>
                      <caom2:axis>
                        <caom2:ctype>FREQ</caom2:ctype>
                        <caom2:cunit>Hz</caom2:cunit>
                      </caom2:axis>
                      <caom2:function>
                        <caom2:naxis>1</caom2:naxis>
                        <caom2:delta>2071861757.344</caom2:delta>
                        <caom2:refCoord>
                          <caom2:pix>1.0</caom2:pix>
                          <caom2:val>3000000000.0</caom2:val>
                        </caom2:refCoord>
                      </caom2:function>
                    </caom2:axis>
                    <caom2:specsys>LSRK</caom2:specsys>
                    <caom2:bandpassName>S-band</caom2:bandpassName>
                  </caom2:energy>
                  <caom2:time>
                    <caom2:axis>
                      <caom2:axis>
                        <caom2:ctype>TIME</caom2:ctype>
                        <caom2:cunit>d</caom2:cunit>
                      </caom2:axis>
                      <caom2:bounds>
                        <caom2:samples>
                          <caom2:range>
                            <caom2:start>
                              <caom2:pix>0.5</caom2:pix>
                              <caom2:val>58130.244525462964</caom2:val>
                            </caom2:start>
                            <caom2:end>
                              <caom2:pix>1.5</caom2:pix>
                              <caom2:val>58130.268796296295</caom2:val>
                            </caom2:end>
                          </caom2:range>
                        </caom2:samples>
                      </caom2:bounds>
                    </caom2:axis>
                    <caom2:exposure>317.0</caom2:exposure>
                  </caom2:time>
                  <caom2:polarization>
                    <caom2:axis>
                      <caom2:axis>
                        <caom2:ctype>STOKES</caom2:ctype>
                      </caom2:axis>
                      <caom2:function>
                        <caom2:naxis>1</caom2:naxis>
                        <caom2:delta>1.0</caom2:delta>
                        <caom2:refCoord>
                          <caom2:pix>1.0</caom2:pix>
                          <caom2:val>1.0</caom2:val>
                        </caom2:refCoord>
                      </caom2:function>
                    </caom2:axis>
                  </caom2:polarization>
                </caom2:chunk>
              </caom2:chunks>
            </caom2:part>
          </caom2:parts>
        </caom2:artifact>
      </caom2:artifacts>
    </caom2:plane>
  </caom2:planes>
</caom2:Observation>
